Archive member included to satisfy reference by file (symbol)

c:/users/gtsa infinity/desktop/toolchain-gd32v-win/compiler/bin/../lib/gcc/riscv64-unknown-elf/8.3.0/rv32imac/ilp32\libgcc.a(divdf3.o)
                              build/lcd.o (__divdf3)
c:/users/gtsa infinity/desktop/toolchain-gd32v-win/compiler/bin/../lib/gcc/riscv64-unknown-elf/8.3.0/rv32imac/ilp32\libgcc.a(ledf2.o)
                              build/lcd.o (__ltdf2)
c:/users/gtsa infinity/desktop/toolchain-gd32v-win/compiler/bin/../lib/gcc/riscv64-unknown-elf/8.3.0/rv32imac/ilp32\libgcc.a(muldf3.o)
                              build/lcd.o (__muldf3)
c:/users/gtsa infinity/desktop/toolchain-gd32v-win/compiler/bin/../lib/gcc/riscv64-unknown-elf/8.3.0/rv32imac/ilp32\libgcc.a(floatunsidf.o)
                              build/lcd.o (__floatunsidf)
c:/users/gtsa infinity/desktop/toolchain-gd32v-win/compiler/bin/../lib/gcc/riscv64-unknown-elf/8.3.0/rv32imac/ilp32\libgcc.a(floatundidf.o)
                              build/lcd.o (__floatundidf)
c:/users/gtsa infinity/desktop/toolchain-gd32v-win/compiler/bin/../lib/gcc/riscv64-unknown-elf/8.3.0/rv32imac/ilp32\libgcc.a(mulsf3.o)
                              build/lcd.o (__mulsf3)
c:/users/gtsa infinity/desktop/toolchain-gd32v-win/compiler/bin/../lib/gcc/riscv64-unknown-elf/8.3.0/rv32imac/ilp32\libgcc.a(fixunssfsi.o)
                              build/lcd.o (__fixunssfsi)
c:/users/gtsa infinity/desktop/toolchain-gd32v-win/compiler/bin/../lib/gcc/riscv64-unknown-elf/8.3.0/rv32imac/ilp32\libgcc.a(_lshrdi3.o)
                              c:/users/gtsa infinity/desktop/toolchain-gd32v-win/compiler/bin/../lib/gcc/riscv64-unknown-elf/8.3.0/rv32imac/ilp32\libgcc.a(floatundidf.o) (__lshrdi3)
c:/users/gtsa infinity/desktop/toolchain-gd32v-win/compiler/bin/../lib/gcc/riscv64-unknown-elf/8.3.0/rv32imac/ilp32\libgcc.a(_ashldi3.o)
                              c:/users/gtsa infinity/desktop/toolchain-gd32v-win/compiler/bin/../lib/gcc/riscv64-unknown-elf/8.3.0/rv32imac/ilp32\libgcc.a(floatundidf.o) (__ashldi3)
c:/users/gtsa infinity/desktop/toolchain-gd32v-win/compiler/bin/../lib/gcc/riscv64-unknown-elf/8.3.0/rv32imac/ilp32\libgcc.a(_clzsi2.o)
                              c:/users/gtsa infinity/desktop/toolchain-gd32v-win/compiler/bin/../lib/gcc/riscv64-unknown-elf/8.3.0/rv32imac/ilp32\libgcc.a(divdf3.o) (__clzsi2)
c:/users/gtsa infinity/desktop/toolchain-gd32v-win/compiler/bin/../lib/gcc/riscv64-unknown-elf/8.3.0/rv32imac/ilp32\libgcc.a(_clz.o)
                              c:/users/gtsa infinity/desktop/toolchain-gd32v-win/compiler/bin/../lib/gcc/riscv64-unknown-elf/8.3.0/rv32imac/ilp32\libgcc.a(_clzsi2.o) (__clz_tab)
c:/users/gtsa infinity/desktop/toolchain-gd32v-win/compiler/bin/../lib/gcc/riscv64-unknown-elf/8.3.0/../../../../riscv64-unknown-elf/lib/rv32imac/ilp32\libc.a(lib_a-atexit.o)
                              build/start.o (atexit)
c:/users/gtsa infinity/desktop/toolchain-gd32v-win/compiler/bin/../lib/gcc/riscv64-unknown-elf/8.3.0/../../../../riscv64-unknown-elf/lib/rv32imac/ilp32\libc.a(lib_a-exit.o)
                              build/start.o (exit)
c:/users/gtsa infinity/desktop/toolchain-gd32v-win/compiler/bin/../lib/gcc/riscv64-unknown-elf/8.3.0/../../../../riscv64-unknown-elf/lib/rv32imac/ilp32\libc.a(lib_a-fini.o)
                              build/start.o (__libc_fini_array)
c:/users/gtsa infinity/desktop/toolchain-gd32v-win/compiler/bin/../lib/gcc/riscv64-unknown-elf/8.3.0/../../../../riscv64-unknown-elf/lib/rv32imac/ilp32\libc.a(lib_a-impure.o)
                              c:/users/gtsa infinity/desktop/toolchain-gd32v-win/compiler/bin/../lib/gcc/riscv64-unknown-elf/8.3.0/../../../../riscv64-unknown-elf/lib/rv32imac/ilp32\libc.a(lib_a-exit.o) (_global_impure_ptr)
c:/users/gtsa infinity/desktop/toolchain-gd32v-win/compiler/bin/../lib/gcc/riscv64-unknown-elf/8.3.0/../../../../riscv64-unknown-elf/lib/rv32imac/ilp32\libc.a(lib_a-init.o)
                              build/start.o (__libc_init_array)
c:/users/gtsa infinity/desktop/toolchain-gd32v-win/compiler/bin/../lib/gcc/riscv64-unknown-elf/8.3.0/../../../../riscv64-unknown-elf/lib/rv32imac/ilp32\libc.a(lib_a-strlen.o)
                              build/write.o (strlen)
c:/users/gtsa infinity/desktop/toolchain-gd32v-win/compiler/bin/../lib/gcc/riscv64-unknown-elf/8.3.0/../../../../riscv64-unknown-elf/lib/rv32imac/ilp32\libc.a(lib_a-sysisatty.o)
                              build/fstat.o (isatty)
c:/users/gtsa infinity/desktop/toolchain-gd32v-win/compiler/bin/../lib/gcc/riscv64-unknown-elf/8.3.0/../../../../riscv64-unknown-elf/lib/rv32imac/ilp32\libc.a(lib_a-syswrite.o)
                              build/_exit.o (write)
c:/users/gtsa infinity/desktop/toolchain-gd32v-win/compiler/bin/../lib/gcc/riscv64-unknown-elf/8.3.0/../../../../riscv64-unknown-elf/lib/rv32imac/ilp32\libc.a(lib_a-writer.o)
[...]
Memory Configuration

Name             Origin             Length             Attributes
flash            0x0000000008000000 0x0000000000020000 axrl !w
ram              0x0000000020000000 0x0000000000008000 axw !rl
*default*        0x0000000000000000 0xffffffffffffffff

Linker script and memory map

LOAD build/gd32vf103_adc.o
LOAD build/gd32vf103_bkp.o
LOAD build/gd32vf103_can.o
LOAD build/gd32vf103_crc.o
LOAD build/gd32vf103_dac.o
LOAD build/gd32vf103_dbg.o
LOAD build/gd32vf103_dma.o
LOAD build/gd32vf103_eclic.o
LOAD build/gd32vf103_exmc.o
LOAD build/gd32vf103_exti.o
LOAD build/gd32vf103_fmc.o
LOAD build/gd32vf103_fwdgt.o
LOAD build/gd32vf103_gpio.o
LOAD build/gd32vf103_i2c.o
LOAD build/gd32vf103_pmu.o
LOAD build/gd32vf103_rcu.o
LOAD build/gd32vf103_rtc.o
LOAD build/gd32vf103_spi.o
LOAD build/gd32vf103_timer.o
LOAD build/gd32vf103_usart.o
LOAD build/gd32vf103_wwdgt.o
LOAD build/system_gd32vf103.o
LOAD build/_exit.o
LOAD build/close.o
LOAD build/fstat.o
LOAD build/isatty.o
LOAD build/lseek.o
LOAD build/read.o
LOAD build/sbrk.o
LOAD build/write.o
LOAD build/write_hex.o
LOAD build/n200_func.o
LOAD build/handlers.o
LOAD build/init.o
LOAD build/lcd.o
LOAD build/main.o
LOAD build/start.o
LOAD build/entry.o
LOAD build/drivers.o
LOAD c:/users/gtsa infinity/desktop/toolchain-gd32v-win/compiler/bin/../lib/gcc/riscv64-unknown-elf/8.3.0/rv32imac/ilp32\libgcc.a
START GROUP
LOAD c:/users/gtsa infinity/desktop/toolchain-gd32v-win/compiler/bin/../lib/gcc/riscv64-unknown-elf/8.3.0/../../../../riscv64-unknown-elf/lib/rv32imac/ilp32\libc.a
LOAD c:/users/gtsa infinity/desktop/toolchain-gd32v-win/compiler/bin/../lib/gcc/riscv64-unknown-elf/8.3.0/../../../../riscv64-unknown-elf/lib/rv32imac/ilp32\libgloss.a
END GROUP
LOAD c:/users/gtsa infinity/desktop/toolchain-gd32v-win/compiler/bin/../lib/gcc/riscv64-unknown-elf/8.3.0/rv32imac/ilp32\libgcc.a
                0x0000000000000800                __stack_size = DEFINED (__stack_size)?__stack_size:0x800

.init           0x0000000008000000      0x254
 *(SORT_NONE(.init))
 .init          0x0000000008000000      0x254 build/start.o
                0x000000000800015c                _start
                0x0000000008000246                disable_mcycle_minstret
                0x000000000800024c                enable_mcycle_minstret

.ilalign        0x0000000008000254        0x0
                0x0000000008000254                . = ALIGN (0x4)
                [!provide]                        PROVIDE (_ilm_lma = .)

.ialign         0x0000000008000254        0x0
                [!provide]                        PROVIDE (_ilm = .)

.text           0x0000000008000280     0x434c
 *(.rodata .rodata.*)
 .rodata._exit.str1.4
                0x0000000008000280       0x1f build/_exit.o
                                         0x23 (size before relaxing)
 *fill*         0x000000000800029f        0x1 
 .rodata.write_hex.str1.4
                0x00000000080002a0        0x3 build/write_hex.o
 *fill*         0x00000000080002a3        0x1 
 .rodata.handle_nmi.str1.4
                0x00000000080002a4        0x5 build/handlers.o
 *fill*         0x00000000080002a9        0x3 
 .rodata.handle_trap.str1.4
                0x00000000080002ac        0x8 build/handlers.o
                                          0x6 (size before relaxing)
 *fill*         0x00000000080002b4        0x4 
 .rodata.lcd_delay_1ms.cst8
                0x00000000080002b8        0x8 build/lcd.o
 .rodata.drawing
                0x00000000080002c0       0x40 build/main.o
 .rodata        0x0000000008000300       0x40 build/main.o
 .rodata        0x0000000008000340       0x3c c:/users/gtsa infinity/desktop/toolchain-gd32v-win/compiler/bin/../lib/gcc/riscv64-unknown-elf/8.3.0/rv32imac/ilp32\libgcc.a(divdf3.o)
 .rodata        0x000000000800037c       0x3c c:/users/gtsa infinity/desktop/toolchain-gd32v-win/compiler/bin/../lib/gcc/riscv64-unknown-elf/8.3.0/rv32imac/ilp32\libgcc.a(muldf3.o)
 .rodata        0x00000000080003b8      0x100 c:/users/gtsa infinity/desktop/toolchain-gd32v-win/compiler/bin/../lib/gcc/riscv64-unknown-elf/8.3.0/rv32imac/ilp32\libgcc.a(_clz.o)
                0x00000000080003b8                __clz_tab
 *(.text.unlikely .text.unlikely.*)
 *(.text.startup .text.startup.*)
 .text.startup.main
                0x00000000080004b8       0xf8 build/main.o
                0x00000000080004b8                main
 .text.startup  0x00000000080005b0       0x1c c:/users/gtsa infinity/desktop/toolchain-gd32v-win/compiler/bin/../lib/gcc/riscv64-unknown-elf/8.3.0/../../../../riscv64-unknown-elf/lib/rv32imac/ilp32\libc.a(lib_a-__call_atexit.o)
 *(.text .text.*)
 .text.gpio_init
                0x00000000080005cc       0xa8 build/gd32vf103_gpio.o
                0x00000000080005cc                gpio_init
 .text.gpio_bit_set
                0x0000000008000674        0x4 build/gd32vf103_gpio.o
                0x0000000008000674                gpio_bit_set
 .text.gpio_bit_reset
                0x0000000008000678        0x4 build/gd32vf103_gpio.o
                0x0000000008000678                gpio_bit_reset
 .text.rcu_periph_clock_enable
                0x000000000800067c       0x18 build/gd32vf103_rcu.o
                0x000000000800067c                rcu_periph_clock_enable
 .text.spi_struct_para_init
                0x0000000008000694       0x1a build/gd32vf103_spi.o
                0x0000000008000694                spi_struct_para_init
 .text.spi_init
                0x00000000080006ae       0x3e build/gd32vf103_spi.o
                0x00000000080006ae                spi_init
 .text.spi_enable
                0x00000000080006ec        0xa build/gd32vf103_spi.o
                0x00000000080006ec                spi_enable
 .text.spi_i2s_data_transmit
                0x00000000080006f6        0x4 build/gd32vf103_spi.o
                0x00000000080006f6                spi_i2s_data_transmit
 .text.spi_crc_polynomial_set
                0x00000000080006fa        0xc build/gd32vf103_spi.o
                0x00000000080006fa                spi_crc_polynomial_set
 .text.spi_i2s_flag_get
                0x0000000008000706        0xa build/gd32vf103_spi.o
                0x0000000008000706                spi_i2s_flag_get
 .text.usart_data_transmit
                0x0000000008000710        0x8 build/gd32vf103_usart.o
                0x0000000008000710                usart_data_transmit
 .text.usart_flag_get
                0x0000000008000718       0x14 build/gd32vf103_usart.o
                0x0000000008000718                usart_flag_get
 .text.SystemInit
                0x000000000800072c      0x11e build/system_gd32vf103.o
                0x000000000800072c                SystemInit
 .text._exit    0x000000000800084a       0x78 build/_exit.o
                0x000000000800084a                _exit
 .text._put_char
                0x00000000080008c2       0x3c build/write.o
                0x00000000080008c2                _put_char
 .text._write   0x00000000080008fe       0x52 build/write.o
                0x00000000080008fe                _write
 .text.write_hex
                0x0000000008000950       0x9a build/write_hex.o
                0x0000000008000950                write_hex
 .text.get_timer_value
                0x00000000080009ea       0x10 build/n200_func.o
                0x00000000080009ea                get_timer_value
 .text.eclic_init
                0x00000000080009fa       0x24 build/n200_func.o
                0x00000000080009fa                eclic_init
 .text.eclic_mode_enable
                0x0000000008000a1e       0x12 build/n200_func.o
                0x0000000008000a1e                eclic_mode_enable
 .text.handle_nmi
                0x0000000008000a30       0x22 build/handlers.o
                0x0000000008000a30                handle_nmi
 .text.handle_trap
                0x0000000008000a52       0x3a build/handlers.o
                0x0000000008000a52                handle_trap
 .text._init    0x0000000008000a8c       0x2c build/init.o
                0x0000000008000a8c                _init
 .text._fini    0x0000000008000ab8        0x2 build/init.o
                0x0000000008000ab8                _fini
 .text.lcd_delay_1ms
                0x0000000008000aba       0xce build/lcd.o
                0x0000000008000aba                lcd_delay_1ms
 .text.LCD_WR_Queue
                0x0000000008000b88       0xcc build/lcd.o
                0x0000000008000b88                LCD_WR_Queue
 .text.LCD_WR_DATA
                0x0000000008000c54       0xda build/lcd.o
                0x0000000008000c54                LCD_WR_DATA
 .text.LCD_Address_Set
                0x0000000008000d2e      0x182 build/lcd.o
                0x0000000008000d2e                LCD_Address_Set
 .text.spi_config
                0x0000000008000eb0       0x6c build/lcd.o
                0x0000000008000eb0                spi_config
 .text.Lcd_SetType
                0x0000000008000f1c       0x2a build/lcd.o
                0x0000000008000f1c                Lcd_SetType
 .text.Lcd_Init
                0x0000000008000f46     0x17cc build/lcd.o
                0x0000000008000f46                Lcd_Init
 .text.LCD_Clear
                0x0000000008002712       0x48 build/lcd.o
                0x0000000008002712                LCD_Clear
 .text.LCD_Fill
                0x000000000800275a       0x54 build/lcd.o
                0x000000000800275a                LCD_Fill
 .text.LCD_DrawLine
                0x00000000080027ae       0xba build/lcd.o
                0x00000000080027ae                LCD_DrawLine
 .text.Draw_Circle
                0x0000000008002868      0x154 build/lcd.o
                0x0000000008002868                Draw_Circle
 .text.drawing  0x00000000080029bc      0x924 build/main.o
                0x00000000080029bc                drawing
 *fill*         0x00000000080032e0       0x20 
 .text.trap     0x0000000008003300       0x82 build/entry.o
                0x0000000008003300                trap_entry
 *fill*         0x0000000008003382        0x2 
 .text.irq      0x0000000008003384       0x72 build/entry.o
                0x0000000008003384                irq_entry
 .text          0x00000000080033f6      0x2e4 build/drivers.o
                0x0000000008003468                t5omsi
                0x000000000800349a                t5expq
                0x00000000080034aa                colinit
                0x00000000080034ea                colset
                0x0000000008003522                l88init
                0x0000000008003554                l88row
                0x000000000800358a                l88mem
                0x000000000800359e                keyinit
                0x00000000080035d0                keyscan
 .text          0x00000000080036da      0x546 c:/users/gtsa infinity/desktop/toolchain-gd32v-win/compiler/bin/../lib/gcc/riscv64-unknown-elf/8.3.0/rv32imac/ilp32\libgcc.a(divdf3.o)
                0x00000000080036da                __divdf3
 .text          0x0000000008003c20       0xa4 c:/users/gtsa infinity/desktop/toolchain-gd32v-win/compiler/bin/../lib/gcc/riscv64-unknown-elf/8.3.0/rv32imac/ilp32\libgcc.a(ledf2.o)
                0x0000000008003c20                __ledf2
                0x0000000008003c20                __ltdf2
 .text          0x0000000008003cc4      0x44c c:/users/gtsa infinity/desktop/toolchain-gd32v-win/compiler/bin/../lib/gcc/riscv64-unknown-elf/8.3.0/rv32imac/ilp32\libgcc.a(muldf3.o)
                0x0000000008003cc4                __muldf3
 .text          0x0000000008004110       0x56 c:/users/gtsa infinity/desktop/toolchain-gd32v-win/compiler/bin/../lib/gcc/riscv64-unknown-elf/8.3.0/rv32imac/ilp32\libgcc.a(floatunsidf.o)
                0x0000000008004110                __floatunsidf
 .text          0x0000000008004166      0x166 c:/users/gtsa infinity/desktop/toolchain-gd32v-win/compiler/bin/../lib/gcc/riscv64-unknown-elf/8.3.0/rv32imac/ilp32\libgcc.a(floatundidf.o)
                0x0000000008004166                __floatundidf
 .text          0x00000000080042cc       0x2a c:/users/gtsa infinity/desktop/toolchain-gd32v-win/compiler/bin/../lib/gcc/riscv64-unknown-elf/8.3.0/rv32imac/ilp32\libgcc.a(_lshrdi3.o)
                0x00000000080042cc                __lshrdi3
 .text          0x00000000080042f6       0x2a c:/users/gtsa infinity/desktop/toolchain-gd32v-win/compiler/bin/../lib/gcc/riscv64-unknown-elf/8.3.0/rv32imac/ilp32\libgcc.a(_ashldi3.o)
                0x00000000080042f6                __ashldi3
 .text          0x0000000008004320       0x3c c:/users/gtsa infinity/desktop/toolchain-gd32v-win/compiler/bin/../lib/gcc/riscv64-unknown-elf/8.3.0/rv32imac/ilp32\libgcc.a(_clzsi2.o)
                0x0000000008004320                __clzsi2
 .text          0x000000000800435c       0x10 c:/users/gtsa infinity/desktop/toolchain-gd32v-win/compiler/bin/../lib/gcc/riscv64-unknown-elf/8.3.0/../../../../riscv64-unknown-elf/lib/rv32imac/ilp32\libc.a(lib_a-atexit.o)
                0x000000000800435c                atexit
 .text          0x000000000800436c       0x2c c:/users/gtsa infinity/desktop/toolchain-gd32v-win/compiler/bin/../lib/gcc/riscv64-unknown-elf/8.3.0/../../../../riscv64-unknown-elf/lib/rv32imac/ilp32\libc.a(lib_a-exit.o)
                0x000000000800436c                exit
 .text          0x0000000008004398       0x3a c:/users/gtsa infinity/desktop/toolchain-gd32v-win/compiler/bin/../lib/gcc/riscv64-unknown-elf/8.3.0/../../../../riscv64-unknown-elf/lib/rv32imac/ilp32\libc.a(lib_a-fini.o)
                0x0000000008004398                __libc_fini_array
 .text          0x00000000080043d2       0x6a c:/users/gtsa infinity/desktop/toolchain-gd32v-win/compiler/bin/../lib/gcc/riscv64-unknown-elf/8.3.0/../../../../riscv64-unknown-elf/lib/rv32imac/ilp32\libc.a(lib_a-init.o)
                0x00000000080043d2                __libc_init_array
 .text          0x000000000800443c       0x18 c:/users/gtsa infinity/desktop/toolchain-gd32v-win/compiler/bin/../lib/gcc/riscv64-unknown-elf/8.3.0/../../../../riscv64-unknown-elf/lib/rv32imac/ilp32\libc.a(lib_a-syswrite.o)
                0x000000000800443c                write
 .text          0x0000000008004454       0x44 c:/users/gtsa infinity/desktop/toolchain-gd32v-win/compiler/bin/../lib/gcc/riscv64-unknown-elf/8.3.0/../../../../riscv64-unknown-elf/lib/rv32imac/ilp32\libc.a(lib_a-writer.o)
                0x0000000008004454                _write_r
 .text          0x0000000008004498       0x72 c:/users/gtsa infinity/desktop/toolchain-gd32v-win/compiler/bin/../lib/gcc/riscv64-unknown-elf/8.3.0/../../../../riscv64-unknown-elf/lib/rv32imac/ilp32\libc.a(lib_a-__atexit.o)
                0x0000000008004498                __register_exitproc
 .text          0x000000000800450a       0xc2 c:/users/gtsa infinity/desktop/toolchain-gd32v-win/compiler/bin/../lib/gcc/riscv64-unknown-elf/8.3.0/../../../../riscv64-unknown-elf/lib/rv32imac/ilp32\libc.a(lib_a-__call_atexit.o)
                0x000000000800450a                __call_exitprocs
 *(.gnu.linkonce.t.*)

.rela.dyn       0x00000000080045cc        0x0
 .rela.text._write
                0x00000000080045cc        0x0 build/gd32vf103_gpio.o
 .rela.text.handle_trap
                0x00000000080045cc        0x0 build/gd32vf103_gpio.o
 .rela.init     0x00000000080045cc        0x0 build/gd32vf103_gpio.o
 .rela.text.trap
                0x00000000080045cc        0x0 build/gd32vf103_gpio.o
 .rela.text     0x00000000080045cc        0x0 build/gd32vf103_gpio.o
 .rela.text.startup
                0x00000000080045cc        0x0 build/gd32vf103_gpio.o

.fini
 *(SORT_NONE(.fini))
                0x00000000080045cc                . = ALIGN (0x4)
                [!provide]                        PROVIDE (__etext = .)
                [!provide]                        PROVIDE (_etext = .)
                [!provide]                        PROVIDE (etext = .)
                [!provide]                        PROVIDE (_eilm = .)

.preinit_array  0x00000000080045cc        0x0
                0x00000000080045cc                PROVIDE (__preinit_array_start = .)
 *(.preinit_array)
                0x00000000080045cc                PROVIDE (__preinit_array_end = .)

.init_array     0x00000000080045cc        0x4
                0x00000000080045cc                PROVIDE (__init_array_start = .)
 *(SORT_BY_INIT_PRIORITY(.init_array.*) SORT_BY_INIT_PRIORITY(.ctors.*))
 .init_array.00000
                0x00000000080045cc        0x4 c:/users/gtsa infinity/desktop/toolchain-gd32v-win/compiler/bin/../lib/gcc/riscv64-unknown-elf/8.3.0/../../../../riscv64-unknown-elf/lib/rv32imac/ilp32\libc.a(lib_a-__call_atexit.o)
 *(.init_array EXCLUDE_FILE(*crtend?.o *crtend.o *crtbegin?.o *crtbegin.o) .ctors)
                0x00000000080045d0                PROVIDE (__init_array_end = .)

.fini_array     0x00000000080045d0        0x0
                0x00000000080045d0                PROVIDE (__fini_array_start = .)
 *(SORT_BY_INIT_PRIORITY(.fini_array.*) SORT_BY_INIT_PRIORITY(.dtors.*))
 *(.fini_array EXCLUDE_FILE(*crtend?.o *crtend.o *crtbegin?.o *crtbegin.o) .dtors)
                0x00000000080045d0                PROVIDE (__fini_array_end = .)

.ctors
 *crtbegin.o(.ctors)
 *crtbegin?.o(.ctors)
 *(EXCLUDE_FILE(*crtend?.o *crtend.o) .ctors)
 *(SORT_BY_NAME(.ctors.*))
 *(.ctors)

.dtors
 *crtbegin.o(.dtors)
 *crtbegin?.o(.dtors)
 *(EXCLUDE_FILE(*crtend?.o *crtend.o) .dtors)
 *(SORT_BY_NAME(.dtors.*))
 *(.dtors)
                0x00000000080045d0                . = ALIGN (0x4)
                [!provide]                        PROVIDE (_eilm = .)

.lalign         0x00000000080045d0        0x0
                0x00000000080045d0                . = ALIGN (0x4)
                0x00000000080045d0                PROVIDE (_data_lma = .)

.dalign         0x0000000020000000        0x0 load address 0x00000000080045d0
                0x0000000020000000                . = ALIGN (0x4)
                0x0000000020000000                PROVIDE (_data = .)

.data           0x0000000020000000      0x454 load address 0x00000000080045d0
 *(.rdata)
 *(.gnu.linkonce.r.*)
 *(.data .data.*)
 .data          0x0000000020000000       0x1f build/drivers.o
 *fill*         0x000000002000001f        0x1 
 .data          0x0000000020000020      0x428 c:/users/gtsa infinity/desktop/toolchain-gd32v-win/compiler/bin/../lib/gcc/riscv64-unknown-elf/8.3.0/../../../../riscv64-unknown-elf/lib/rv32imac/ilp32\libc.a(lib_a-impure.o)
 *(.gnu.linkonce.d.*)
                0x0000000020000448                . = ALIGN (0x8)
                0x0000000020000c48                PROVIDE (__global_pointer$ = (. + 0x800))
 *(.sdata .sdata.*)
 .sdata.SystemCoreClock
                0x0000000020000448        0x4 build/system_gd32vf103.o
                0x0000000020000448                SystemCoreClock
 .sdata         0x000000002000044c        0x4 c:/users/gtsa infinity/desktop/toolchain-gd32v-win/compiler/bin/../lib/gcc/riscv64-unknown-elf/8.3.0/../../../../riscv64-unknown-elf/lib/rv32imac/ilp32\libc.a(lib_a-impure.o)
                0x000000002000044c                _impure_ptr
 *(.gnu.linkonce.s.*)
                0x0000000020000450                . = ALIGN (0x8)
 *(.srodata.cst16)
 *(.srodata.cst8)
 *(.srodata.cst4)
 *(.srodata.cst2)
 *(.srodata .srodata.*)
 .srodata       0x0000000020000450        0x4 c:/users/gtsa infinity/desktop/toolchain-gd32v-win/compiler/bin/../lib/gcc/riscv64-unknown-elf/8.3.0/../../../../riscv64-unknown-elf/lib/rv32imac/ilp32\libc.a(lib_a-impure.o)
                0x0000000020000450                _global_impure_ptr
                0x0000000020000454                . = ALIGN (0x4)
                0x0000000020000454                PROVIDE (_edata = .)
                [!provide]                        PROVIDE (edata = .)
                [!provide]                        PROVIDE (_fbss = .)
                0x0000000020000454                PROVIDE (__bss_start = .)

.bss            0x0000000020000454      0x410
 *(.sbss*)
 .sbss.lcd_conf
                0x0000000020000454        0x4 build/lcd.o
                0x0000000020000454                lcd_conf
 .sbss.r        0x0000000020000458        0x4 build/lcd.o
                0x0000000020000458                r
 .sbss.w        0x000000002000045c        0x4 build/lcd.o
                0x000000002000045c                w
 *(.gnu.linkonce.sb.*)
 *(.bss .bss.*)
 .bss.queue     0x0000000020000460      0x400 build/lcd.o
                0x0000000020000460                queue
 *(.gnu.linkonce.b.*)
 *(COMMON)
 COMMON         0x0000000020000860        0x4 c:/users/gtsa infinity/desktop/toolchain-gd32v-win/compiler/bin/../lib/gcc/riscv64-unknown-elf/8.3.0/../../../../riscv64-unknown-elf/lib/rv32imac/ilp32\libc.a(lib_a-reent.o)
                0x0000000020000860                errno
                0x0000000020000864                . = ALIGN (0x4)
                0x0000000020000868                . = ALIGN (0x8)
                0x0000000020000868                PROVIDE (_end = .)
                [!provide]                        PROVIDE (end = .)

.stack          0x0000000020007800      0x800 load address 0x0000000020000864
                0x0000000020007800                PROVIDE (_heap_end = .)
                0x0000000000000800                . = __stack_size
 *fill*         0x0000000020007800      0x800 
                0x0000000020008000                PROVIDE (_sp = .)
OUTPUT(build/gd32vf103.elf elf32-littleriscv)

.debug_info     0x0000000000000000    0x10503
 .debug_info    0x0000000000000000      0x758 build/gd32vf103_gpio.o
 .debug_info    0x0000000000000758     0x10b4 build/gd32vf103_rcu.o
 .debug_info    0x000000000000180c      0xaad build/gd32vf103_spi.o
 .debug_info    0x00000000000022b9      0xd4a build/gd32vf103_usart.o
 .debug_info    0x0000000000003003      0x1ff build/system_gd32vf103.o
 .debug_info    0x0000000000003202      0x1a4 build/_exit.o
 .debug_info    0x00000000000033a6      0xcc6 build/write.o
 .debug_info    0x000000000000406c      0x1da build/write_hex.o
 .debug_info    0x0000000000004246     0x197f build/n200_func.o
 .debug_info    0x0000000000005bc5      0xb53 build/handlers.o
 .debug_info    0x0000000000006718      0xcb0 build/init.o
 .debug_info    0x00000000000073c8     0x3bae build/lcd.o
 .debug_info    0x000000000000af76      0xe3d build/main.o
 .debug_info    0x000000000000bdb3       0x26 build/start.o
 .debug_info    0x000000000000bdd9       0x22 build/entry.o
 .debug_info    0x000000000000bdfb       0x26 build/drivers.o
 .debug_info    0x000000000000be21      0x734 c:/users/gtsa infinity/desktop/toolchain-gd32v-win/compiler/bin/../lib/gcc/riscv64-unknown-elf/8.3.0/rv32imac/ilp32\libgcc.a(divdf3.o)
 .debug_info    0x000000000000c555      0x286 c:/users/gtsa infinity/desktop/toolchain-gd32v-win/compiler/bin/../lib/gcc/riscv64-unknown-elf/8.3.0/rv32imac/ilp32\libgcc.a(ledf2.o)
 .debug_info    0x000000000000c7db      0x76c c:/users/gtsa infinity/desktop/toolchain-gd32v-win/compiler/bin/../lib/gcc/riscv64-unknown-elf/8.3.0/rv32imac/ilp32\libgcc.a(muldf3.o)
 .debug_info    0x000000000000cf47      0x2af c:/users/gtsa infinity/desktop/toolchain-gd32v-win/compiler/bin/../lib/gcc/riscv64-unknown-elf/8.3.0/rv32imac/ilp32\libgcc.a(floatunsidf.o)
 .debug_info    0x000000000000d1f6      0x2e8 c:/users/gtsa infinity/desktop/toolchain-gd32v-win/compiler/bin/../lib/gcc/riscv64-unknown-elf/8.3.0/rv32imac/ilp32\libgcc.a(floatundidf.o)
 .debug_info    0x000000000000d4de      0xc72 c:/users/gtsa infinity/desktop/toolchain-gd32v-win/compiler/bin/../lib/gcc/riscv64-unknown-elf/8.3.0/rv32imac/ilp32\libgcc.a(_lshrdi3.o)
 .debug_info    0x000000000000e150      0xc72 c:/users/gtsa infinity/desktop/toolchain-gd32v-win/compiler/bin/../lib/gcc/riscv64-unknown-elf/8.3.0/rv32imac/ilp32\libgcc.a(_ashldi3.o)
 .debug_info    0x000000000000edc2      0xbd7 c:/users/gtsa infinity/desktop/toolchain-gd32v-win/compiler/bin/../lib/gcc/riscv64-unknown-elf/8.3.0/rv32imac/ilp32\libgcc.a(_clzsi2.o)
 .debug_info    0x000000000000f999      0xb6a c:/users/gtsa infinity/desktop/toolchain-gd32v-win/compiler/bin/../lib/gcc/riscv64-unknown-elf/8.3.0/rv32imac/ilp32\libgcc.a(_clz.o)

.debug_abbrev   0x0000000000000000     0x30cd
 .debug_abbrev  0x0000000000000000      0x21f build/gd32vf103_gpio.o
 .debug_abbrev  0x000000000000021f      0x2c4 build/gd32vf103_rcu.o
 .debug_abbrev  0x00000000000004e3      0x22a build/gd32vf103_spi.o
 .debug_abbrev  0x000000000000070d      0x1f0 build/gd32vf103_usart.o
 .debug_abbrev  0x00000000000008fd       0xde build/system_gd32vf103.o
 .debug_abbrev  0x00000000000009db       0xda build/_exit.o
 .debug_abbrev  0x0000000000000ab5      0x292 build/write.o
 .debug_abbrev  0x0000000000000d47      0x107 build/write_hex.o
 .debug_abbrev  0x0000000000000e4e      0x4c9 build/n200_func.o
 .debug_abbrev  0x0000000000001317      0x234 build/handlers.o
 .debug_abbrev  0x000000000000154b      0x22b build/init.o
 .debug_abbrev  0x0000000000001776      0x575 build/lcd.o
 .debug_abbrev  0x0000000000001ceb      0x2c6 build/main.o
 .debug_abbrev  0x0000000000001fb1       0x14 build/start.o
 .debug_abbrev  0x0000000000001fc5       0x12 build/entry.o
 .debug_abbrev  0x0000000000001fd7       0x14 build/drivers.o
 .debug_abbrev  0x0000000000001feb      0x187 c:/users/gtsa infinity/desktop/toolchain-gd32v-win/compiler/bin/../lib/gcc/riscv64-unknown-elf/8.3.0/rv32imac/ilp32\libgcc.a(divdf3.o)
 .debug_abbrev  0x0000000000002172      0x199 c:/users/gtsa infinity/desktop/toolchain-gd32v-win/compiler/bin/../lib/gcc/riscv64-unknown-elf/8.3.0/rv32imac/ilp32\libgcc.a(ledf2.o)
 .debug_abbrev  0x000000000000230b      0x197 c:/users/gtsa infinity/desktop/toolchain-gd32v-win/compiler/bin/../lib/gcc/riscv64-unknown-elf/8.3.0/rv32imac/ilp32\libgcc.a(muldf3.o)
 .debug_abbrev  0x00000000000024a2      0x178 c:/users/gtsa infinity/desktop/toolchain-gd32v-win/compiler/bin/../lib/gcc/riscv64-unknown-elf/8.3.0/rv32imac/ilp32\libgcc.a(floatunsidf.o)
 .debug_abbrev  0x000000000000261a      0x19f c:/users/gtsa infinity/desktop/toolchain-gd32v-win/compiler/bin/../lib/gcc/riscv64-unknown-elf/8.3.0/rv32imac/ilp32\libgcc.a(floatundidf.o)
 .debug_abbrev  0x00000000000027b9      0x275 c:/users/gtsa infinity/desktop/toolchain-gd32v-win/compiler/bin/../lib/gcc/riscv64-unknown-elf/8.3.0/rv32imac/ilp32\libgcc.a(_lshrdi3.o)
 .debug_abbrev  0x0000000000002a2e      0x275 c:/users/gtsa infinity/desktop/toolchain-gd32v-win/compiler/bin/../lib/gcc/riscv64-unknown-elf/8.3.0/rv32imac/ilp32\libgcc.a(_ashldi3.o)
 .debug_abbrev  0x0000000000002ca3      0x242 c:/users/gtsa infinity/desktop/toolchain-gd32v-win/compiler/bin/../lib/gcc/riscv64-unknown-elf/8.3.0/rv32imac/ilp32\libgcc.a(_clzsi2.o)
 .debug_abbrev  0x0000000000002ee5      0x1e8 c:/users/gtsa infinity/desktop/toolchain-gd32v-win/compiler/bin/../lib/gcc/riscv64-unknown-elf/8.3.0/rv32imac/ilp32\libgcc.a(_clz.o)

.debug_loc      0x0000000000000000     0x8690
 .debug_loc     0x0000000000000000      0x519 build/gd32vf103_gpio.o
 .debug_loc     0x0000000000000519      0xbe4 build/gd32vf103_rcu.o
 .debug_loc     0x00000000000010fd      0x5b7 build/gd32vf103_spi.o
 .debug_loc     0x00000000000016b4      0x824 build/gd32vf103_usart.o
 .debug_loc     0x0000000000001ed8      0x1e4 build/system_gd32vf103.o
 .debug_loc     0x00000000000020bc       0x3e build/_exit.o
 .debug_loc     0x00000000000020fa      0x1d0 build/write.o
 .debug_loc     0x00000000000022ca       0xd0 build/write_hex.o
 .debug_loc     0x000000000000239a      0x914 build/n200_func.o
 .debug_loc     0x0000000000002cae       0x98 build/handlers.o
 .debug_loc     0x0000000000002d46       0x2c build/init.o
 .debug_loc     0x0000000000002d72     0x2b3f build/lcd.o
 .debug_loc     0x00000000000058b1      0x6d1 build/main.o
 .debug_loc     0x0000000000005f82     0x129b c:/users/gtsa infinity/desktop/toolchain-gd32v-win/compiler/bin/../lib/gcc/riscv64-unknown-elf/8.3.0/rv32imac/ilp32\libgcc.a(divdf3.o)
 .debug_loc     0x000000000000721d      0x156 c:/users/gtsa infinity/desktop/toolchain-gd32v-win/compiler/bin/../lib/gcc/riscv64-unknown-elf/8.3.0/rv32imac/ilp32\libgcc.a(ledf2.o)
 .debug_loc     0x0000000000007373      0xd6e c:/users/gtsa infinity/desktop/toolchain-gd32v-win/compiler/bin/../lib/gcc/riscv64-unknown-elf/8.3.0/rv32imac/ilp32\libgcc.a(muldf3.o)
 .debug_loc     0x00000000000080e1      0x15c c:/users/gtsa infinity/desktop/toolchain-gd32v-win/compiler/bin/../lib/gcc/riscv64-unknown-elf/8.3.0/rv32imac/ilp32\libgcc.a(floatunsidf.o)
 .debug_loc     0x000000000000823d      0x2ec c:/users/gtsa infinity/desktop/toolchain-gd32v-win/compiler/bin/../lib/gcc/riscv64-unknown-elf/8.3.0/rv32imac/ilp32\libgcc.a(floatundidf.o)
 .debug_loc     0x0000000000008529       0x7e c:/users/gtsa infinity/desktop/toolchain-gd32v-win/compiler/bin/../lib/gcc/riscv64-unknown-elf/8.3.0/rv32imac/ilp32\libgcc.a(_lshrdi3.o)
 .debug_loc     0x00000000000085a7       0x7e c:/users/gtsa infinity/desktop/toolchain-gd32v-win/compiler/bin/../lib/gcc/riscv64-unknown-elf/8.3.0/rv32imac/ilp32\libgcc.a(_ashldi3.o)
 .debug_loc     0x0000000000008625       0x6b c:/users/gtsa infinity/desktop/toolchain-gd32v-win/compiler/bin/../lib/gcc/riscv64-unknown-elf/8.3.0/rv32imac/ilp32\libgcc.a(_clzsi2.o)

.debug_aranges  0x0000000000000000      0x960
 .debug_aranges
                0x0000000000000000       0xa0 build/gd32vf103_gpio.o
 .debug_aranges
                0x00000000000000a0      0x160 build/gd32vf103_rcu.o
 .debug_aranges
                0x0000000000000200      0x128 build/gd32vf103_spi.o
 .debug_aranges
                0x0000000000000328      0x170 build/gd32vf103_usart.o
 .debug_aranges
                0x0000000000000498       0x28 build/system_gd32vf103.o
 .debug_aranges
                0x00000000000004c0       0x20 build/_exit.o
 .debug_aranges
                0x00000000000004e0       0x30 build/write.o
 .debug_aranges
                0x0000000000000510       0x20 build/write_hex.o
 .debug_aranges
                0x0000000000000530      0x140 build/n200_func.o
 .debug_aranges
                0x0000000000000670       0x28 build/handlers.o
 .debug_aranges
                0x0000000000000698       0x28 build/init.o
 .debug_aranges
                0x00000000000006c0       0xf8 build/lcd.o
 .debug_aranges
                0x00000000000007b8       0x28 build/main.o
 .debug_aranges
                0x00000000000007e0       0x20 build/start.o
 .debug_aranges
                0x0000000000000800       0x28 build/entry.o
 .debug_aranges
                0x0000000000000828       0x20 build/drivers.o
 .debug_aranges
                0x0000000000000848       0x20 c:/users/gtsa infinity/desktop/toolchain-gd32v-win/compiler/bin/../lib/gcc/riscv64-unknown-elf/8.3.0/rv32imac/ilp32\libgcc.a(divdf3.o)
 .debug_aranges
                0x0000000000000868       0x20 c:/users/gtsa infinity/desktop/toolchain-gd32v-win/compiler/bin/../lib/gcc/riscv64-unknown-elf/8.3.0/rv32imac/ilp32\libgcc.a(ledf2.o)
 .debug_aranges
                0x0000000000000888       0x20 c:/users/gtsa infinity/desktop/toolchain-gd32v-win/compiler/bin/../lib/gcc/riscv64-unknown-elf/8.3.0/rv32imac/ilp32\libgcc.a(muldf3.o)
 .debug_aranges
                0x00000000000008a8       0x20 c:/users/gtsa infinity/desktop/toolchain-gd32v-win/compiler/bin/../lib/gcc/riscv64-unknown-elf/8.3.0/rv32imac/ilp32\libgcc.a(floatunsidf.o)
 .debug_aranges
                0x00000000000008c8       0x20 c:/users/gtsa infinity/desktop/toolchain-gd32v-win/compiler/bin/../lib/gcc/riscv64-unknown-elf/8.3.0/rv32imac/ilp32\libgcc.a(floatundidf.o)
 .debug_aranges
                0x00000000000008e8       0x20 c:/users/gtsa infinity/desktop/toolchain-gd32v-win/compiler/bin/../lib/gcc/riscv64-unknown-elf/8.3.0/rv32imac/ilp32\libgcc.a(_lshrdi3.o)
 .debug_aranges
                0x0000000000000908       0x20 c:/users/gtsa infinity/desktop/toolchain-gd32v-win/compiler/bin/../lib/gcc/riscv64-unknown-elf/8.3.0/rv32imac/ilp32\libgcc.a(_ashldi3.o)
 .debug_aranges
                0x0000000000000928       0x20 c:/users/gtsa infinity/desktop/toolchain-gd32v-win/compiler/bin/../lib/gcc/riscv64-unknown-elf/8.3.0/rv32imac/ilp32\libgcc.a(_clzsi2.o)
 .debug_aranges
                0x0000000000000948       0x18 c:/users/gtsa infinity/desktop/toolchain-gd32v-win/compiler/bin/../lib/gcc/riscv64-unknown-elf/8.3.0/rv32imac/ilp32\libgcc.a(_clz.o)

.debug_ranges   0x0000000000000000     0x1f70
 .debug_ranges  0x0000000000000000       0x90 build/gd32vf103_gpio.o
 .debug_ranges  0x0000000000000090      0x270 build/gd32vf103_rcu.o
 .debug_ranges  0x0000000000000300      0x118 build/gd32vf103_spi.o
 .debug_ranges  0x0000000000000418      0x160 build/gd32vf103_usart.o
 .debug_ranges  0x0000000000000578       0x38 build/system_gd32vf103.o
 .debug_ranges  0x00000000000005b0       0x10 build/_exit.o
 .debug_ranges  0x00000000000005c0       0x40 build/write.o
 .debug_ranges  0x0000000000000600       0x30 build/write_hex.o
 .debug_ranges  0x0000000000000630      0x328 build/n200_func.o
 .debug_ranges  0x0000000000000958       0x18 build/handlers.o
 .debug_ranges  0x0000000000000970       0x18 build/init.o
 .debug_ranges  0x0000000000000988     0x1118 build/lcd.o
 .debug_ranges  0x0000000000001aa0       0x18 build/main.o
 .debug_ranges  0x0000000000001ab8       0x20 build/entry.o
 .debug_ranges  0x0000000000001ad8      0x180 c:/users/gtsa infinity/desktop/toolchain-gd32v-win/compiler/bin/../lib/gcc/riscv64-unknown-elf/8.3.0/rv32imac/ilp32\libgcc.a(divdf3.o)
 .debug_ranges  0x0000000000001c58       0x68 c:/users/gtsa infinity/desktop/toolchain-gd32v-win/compiler/bin/../lib/gcc/riscv64-unknown-elf/8.3.0/rv32imac/ilp32\libgcc.a(ledf2.o)
 .debug_ranges  0x0000000000001cc0      0x1c0 c:/users/gtsa infinity/desktop/toolchain-gd32v-win/compiler/bin/../lib/gcc/riscv64-unknown-elf/8.3.0/rv32imac/ilp32\libgcc.a(muldf3.o)
 .debug_ranges  0x0000000000001e80       0x68 c:/users/gtsa infinity/desktop/toolchain-gd32v-win/compiler/bin/../lib/gcc/riscv64-unknown-elf/8.3.0/rv32imac/ilp32\libgcc.a(floatunsidf.o)
 .debug_ranges  0x0000000000001ee8       0x68 c:/users/gtsa infinity/desktop/toolchain-gd32v-win/compiler/bin/../lib/gcc/riscv64-unknown-elf/8.3.0/rv32imac/ilp32\libgcc.a(floatundidf.o)
 .debug_ranges  0x0000000000001f50       0x20 c:/users/gtsa infinity/desktop/toolchain-gd32v-win/compiler/bin/../lib/gcc/riscv64-unknown-elf/8.3.0/rv32imac/ilp32\libgcc.a(_clzsi2.o)

.debug_line     0x0000000000000000    0x11d3f
 .debug_line    0x0000000000000000      0xc27 build/gd32vf103_gpio.o
 .debug_line    0x0000000000000c27     0x1698 build/gd32vf103_rcu.o
 .debug_line    0x00000000000022bf      0xee2 build/gd32vf103_spi.o
 .debug_line    0x00000000000031a1      0xedc build/gd32vf103_usart.o
 .debug_line    0x000000000000407d      0x771 build/system_gd32vf103.o
 .debug_line    0x00000000000047ee      0x159 build/_exit.o
 .debug_line    0x0000000000004947      0x465 build/write.o
 .debug_line    0x0000000000004dac      0x265 build/write_hex.o
 .debug_line    0x0000000000005011     0x1386 build/n200_func.o
 .debug_line    0x0000000000006397      0x26a build/handlers.o
 .debug_line    0x0000000000006601      0x2a9 build/init.o
 .debug_line    0x00000000000068aa     0x51a9 build/lcd.o
 .debug_line    0x000000000000ba53     0x2614 build/main.o
 .debug_line    0x000000000000e067      0x187 build/start.o
 .debug_line    0x000000000000e1ee       0xe3 build/entry.o
 .debug_line    0x000000000000e2d1      0x526 build/drivers.o
 .debug_line    0x000000000000e7f7      0xe35 c:/users/gtsa infinity/desktop/toolchain-gd32v-win/compiler/bin/../lib/gcc/riscv64-unknown-elf/8.3.0/rv32imac/ilp32\libgcc.a(divdf3.o)
 .debug_line    0x000000000000f62c      0x303 c:/users/gtsa infinity/desktop/toolchain-gd32v-win/compiler/bin/../lib/gcc/riscv64-unknown-elf/8.3.0/rv32imac/ilp32\libgcc.a(ledf2.o)
 .debug_line    0x000000000000f92f      0xbf8 c:/users/gtsa infinity/desktop/toolchain-gd32v-win/compiler/bin/../lib/gcc/riscv64-unknown-elf/8.3.0/rv32imac/ilp32\libgcc.a(muldf3.o)
 .debug_line    0x0000000000010527      0x239 c:/users/gtsa infinity/desktop/toolchain-gd32v-win/compiler/bin/../lib/gcc/riscv64-unknown-elf/8.3.0/rv32imac/ilp32\libgcc.a(floatunsidf.o)
 .debug_line    0x0000000000010760      0x3f5 c:/users/gtsa infinity/desktop/toolchain-gd32v-win/compiler/bin/../lib/gcc/riscv64-unknown-elf/8.3.0/rv32imac/ilp32\libgcc.a(floatundidf.o)
 .debug_line    0x0000000000010b55      0x4c4 c:/users/gtsa infinity/desktop/toolchain-gd32v-win/compiler/bin/../lib/gcc/riscv64-unknown-elf/8.3.0/rv32imac/ilp32\libgcc.a(_lshrdi3.o)
 .debug_line    0x0000000000011019      0x4c4 c:/users/gtsa infinity/desktop/toolchain-gd32v-win/compiler/bin/../lib/gcc/riscv64-unknown-elf/8.3.0/rv32imac/ilp32\libgcc.a(_ashldi3.o)
 .debug_line    0x00000000000114dd      0x472 c:/users/gtsa infinity/desktop/toolchain-gd32v-win/compiler/bin/../lib/gcc/riscv64-unknown-elf/8.3.0/rv32imac/ilp32\libgcc.a(_clzsi2.o)
 .debug_line    0x000000000001194f      0x3f0 c:/users/gtsa infinity/desktop/toolchain-gd32v-win/compiler/bin/../lib/gcc/riscv64-unknown-elf/8.3.0/rv32imac/ilp32\libgcc.a(_clz.o)

.debug_str      0x0000000000000000     0x327b
 .debug_str     0x0000000000000000      0x52b build/gd32vf103_gpio.o
                                        0x59b (size before relaxing)
 .debug_str     0x000000000000052b      0xa7f build/gd32vf103_rcu.o
                                        0xe02 (size before relaxing)
 .debug_str     0x0000000000000faa      0x3ac build/gd32vf103_spi.o
                                        0x767 (size before relaxing)
 .debug_str     0x0000000000001356      0x5a3 build/gd32vf103_usart.o
                                        0x962 (size before relaxing)
 .debug_str     0x00000000000018f9       0xa4 build/system_gd32vf103.o
                                        0x26d (size before relaxing)
 .debug_str     0x000000000000199d       0x66 build/_exit.o
                                        0x1c4 (size before relaxing)
 .debug_str     0x0000000000001a03      0x41b build/write.o
                                        0x6cf (size before relaxing)
 .debug_str     0x0000000000001e1e       0x35 build/write_hex.o
                                        0x1d5 (size before relaxing)
 .debug_str     0x0000000000001e53      0x388 build/n200_func.o
                                        0x979 (size before relaxing)
 .debug_str     0x00000000000021db       0x56 build/handlers.o
                                        0x5d2 (size before relaxing)
 .debug_str     0x0000000000002231      0x3e5 build/init.o
                                        0x9a2 (size before relaxing)
 .debug_str     0x0000000000002616      0x254 build/lcd.o
                                        0xaab (size before relaxing)
 .debug_str     0x000000000000286a       0xb0 build/main.o
                                        0x676 (size before relaxing)
 .debug_str     0x000000000000291a       0x35 build/start.o
                                         0x77 (size before relaxing)
 .debug_str     0x000000000000294f       0x29 build/entry.o
                                         0x77 (size before relaxing)
 .debug_str     0x0000000000002978        0xa build/drivers.o
                                         0x58 (size before relaxing)
 .debug_str     0x0000000000002982      0x3c7 c:/users/gtsa infinity/desktop/toolchain-gd32v-win/compiler/bin/../lib/gcc/riscv64-unknown-elf/8.3.0/rv32imac/ilp32\libgcc.a(divdf3.o)
                                        0x452 (size before relaxing)
 .debug_str     0x0000000000002d49       0x7b c:/users/gtsa infinity/desktop/toolchain-gd32v-win/compiler/bin/../lib/gcc/riscv64-unknown-elf/8.3.0/rv32imac/ilp32\libgcc.a(ledf2.o)
                                        0x2ce (size before relaxing)
 .debug_str     0x0000000000002dc4      0x15f c:/users/gtsa infinity/desktop/toolchain-gd32v-win/compiler/bin/../lib/gcc/riscv64-unknown-elf/8.3.0/rv32imac/ilp32\libgcc.a(muldf3.o)
                                        0x4aa (size before relaxing)
 .debug_str     0x0000000000002f23       0xfd c:/users/gtsa infinity/desktop/toolchain-gd32v-win/compiler/bin/../lib/gcc/riscv64-unknown-elf/8.3.0/rv32imac/ilp32\libgcc.a(floatunsidf.o)
                                        0x33a (size before relaxing)
 .debug_str     0x0000000000003020       0x4c c:/users/gtsa infinity/desktop/toolchain-gd32v-win/compiler/bin/../lib/gcc/riscv64-unknown-elf/8.3.0/rv32imac/ilp32\libgcc.a(floatundidf.o)
                                        0x344 (size before relaxing)
 .debug_str     0x000000000000306c      0x1f7 c:/users/gtsa infinity/desktop/toolchain-gd32v-win/compiler/bin/../lib/gcc/riscv64-unknown-elf/8.3.0/rv32imac/ilp32\libgcc.a(_lshrdi3.o)
                                        0x860 (size before relaxing)
 .debug_str     0x0000000000003263        0xa c:/users/gtsa infinity/desktop/toolchain-gd32v-win/compiler/bin/../lib/gcc/riscv64-unknown-elf/8.3.0/rv32imac/ilp32\libgcc.a(_ashldi3.o)
                                        0x860 (size before relaxing)
 .debug_str     0x000000000000326d        0xe c:/users/gtsa infinity/desktop/toolchain-gd32v-win/compiler/bin/../lib/gcc/riscv64-unknown-elf/8.3.0/rv32imac/ilp32\libgcc.a(_clzsi2.o)
                                        0x82e (size before relaxing)
 .debug_str     0x000000000000327b      0x811 c:/users/gtsa infinity/desktop/toolchain-gd32v-win/compiler/bin/../lib/gcc/riscv64-unknown-elf/8.3.0/rv32imac/ilp32\libgcc.a(_clz.o)

.comment        0x0000000000000000       0x28
 .comment       0x0000000000000000       0x28 build/gd32vf103_gpio.o
                                         0x29 (size before relaxing)
 .comment       0x0000000000000028       0x29 build/gd32vf103_rcu.o
 .comment       0x0000000000000028       0x29 build/gd32vf103_spi.o
 .comment       0x0000000000000028       0x29 build/gd32vf103_usart.o
 .comment       0x0000000000000028       0x29 build/system_gd32vf103.o
 .comment       0x0000000000000028       0x29 build/_exit.o
 .comment       0x0000000000000028       0x29 build/write.o
 .comment       0x0000000000000028       0x29 build/write_hex.o
 .comment       0x0000000000000028       0x29 build/n200_func.o
 .comment       0x0000000000000028       0x29 build/handlers.o
 .comment       0x0000000000000028       0x29 build/init.o
 .comment       0x0000000000000028       0x29 build/lcd.o
 .comment       0x0000000000000028       0x29 build/main.o
 .comment       0x0000000000000028       0x29 c:/users/gtsa infinity/desktop/toolchain-gd32v-win/compiler/bin/../lib/gcc/riscv64-unknown-elf/8.3.0/rv32imac/ilp32\libgcc.a(divdf3.o)
 .comment       0x0000000000000028       0x29 c:/users/gtsa infinity/desktop/toolchain-gd32v-win/compiler/bin/../lib/gcc/riscv64-unknown-elf/8.3.0/rv32imac/ilp32\libgcc.a(ledf2.o)
 .comment       0x0000000000000028       0x29 c:/users/gtsa infinity/desktop/toolchain-gd32v-win/compiler/bin/../lib/gcc/riscv64-unknown-elf/8.3.0/rv32imac/ilp32\libgcc.a(muldf3.o)
 .comment       0x0000000000000028       0x29 c:/users/gtsa infinity/desktop/toolchain-gd32v-win/compiler/bin/../lib/gcc/riscv64-unknown-elf/8.3.0/rv32imac/ilp32\libgcc.a(floatunsidf.o)
 .comment       0x0000000000000028       0x29 c:/users/gtsa infinity/desktop/toolchain-gd32v-win/compiler/bin/../lib/gcc/riscv64-unknown-elf/8.3.0/rv32imac/ilp32\libgcc.a(floatundidf.o)
 .comment       0x0000000000000028       0x29 c:/users/gtsa infinity/desktop/toolchain-gd32v-win/compiler/bin/../lib/gcc/riscv64-unknown-elf/8.3.0/rv32imac/ilp32\libgcc.a(_lshrdi3.o)
 .comment       0x0000000000000028       0x29 c:/users/gtsa infinity/desktop/toolchain-gd32v-win/compiler/bin/../lib/gcc/riscv64-unknown-elf/8.3.0/rv32imac/ilp32\libgcc.a(_ashldi3.o)
 .comment       0x0000000000000028       0x29 c:/users/gtsa infinity/desktop/toolchain-gd32v-win/compiler/bin/../lib/gcc/riscv64-unknown-elf/8.3.0/rv32imac/ilp32\libgcc.a(_clzsi2.o)
 .comment       0x0000000000000028       0x29 c:/users/gtsa infinity/desktop/toolchain-gd32v-win/compiler/bin/../lib/gcc/riscv64-unknown-elf/8.3.0/rv32imac/ilp32\libgcc.a(_clz.o)
 .comment       0x0000000000000028       0x29 c:/users/gtsa infinity/desktop/toolchain-gd32v-win/compiler/bin/../lib/gcc/riscv64-unknown-elf/8.3.0/../../../../riscv64-unknown-elf/lib/rv32imac/ilp32\libc.a(lib_a-atexit.o)
 .comment       0x0000000000000028       0x29 c:/users/gtsa infinity/desktop/toolchain-gd32v-win/compiler/bin/../lib/gcc/riscv64-unknown-elf/8.3.0/../../../../riscv64-unknown-elf/lib/rv32imac/ilp32\libc.a(lib_a-exit.o)
 .comment       0x0000000000000028       0x29 c:/users/gtsa infinity/desktop/toolchain-gd32v-win/compiler/bin/../lib/gcc/riscv64-unknown-elf/8.3.0/../../../../riscv64-unknown-elf/lib/rv32imac/ilp32\libc.a(lib_a-fini.o)
 .comment       0x0000000000000028       0x29 c:/users/gtsa infinity/desktop/toolchain-gd32v-win/compiler/bin/../lib/gcc/riscv64-unknown-elf/8.3.0/../../../../riscv64-unknown-elf/lib/rv32imac/ilp32\libc.a(lib_a-impure.o)
 .comment       0x0000000000000028       0x29 c:/users/gtsa infinity/desktop/toolchain-gd32v-win/compiler/bin/../lib/gcc/riscv64-unknown-elf/8.3.0/../../../../riscv64-unknown-elf/lib/rv32imac/ilp32\libc.a(lib_a-init.o)
 .comment       0x0000000000000028       0x29 c:/users/gtsa infinity/desktop/toolchain-gd32v-win/compiler/bin/../lib/gcc/riscv64-unknown-elf/8.3.0/../../../../riscv64-unknown-elf/lib/rv32imac/ilp32\libc.a(lib_a-syswrite.o)
 .comment       0x0000000000000028       0x29 c:/users/gtsa infinity/desktop/toolchain-gd32v-win/compiler/bin/../lib/gcc/riscv64-unknown-elf/8.3.0/../../../../riscv64-unknown-elf/lib/rv32imac/ilp32\libc.a(lib_a-writer.o)
 .comment       0x0000000000000028       0x29 c:/users/gtsa infinity/desktop/toolchain-gd32v-win/compiler/bin/../lib/gcc/riscv64-unknown-elf/8.3.0/../../../../riscv64-unknown-elf/lib/rv32imac/ilp32\libc.a(lib_a-__atexit.o)
 .comment       0x0000000000000028       0x29 c:/users/gtsa infinity/desktop/toolchain-gd32v-win/compiler/bin/../lib/gcc/riscv64-unknown-elf/8.3.0/../../../../riscv64-unknown-elf/lib/rv32imac/ilp32\libc.a(lib_a-__call_atexit.o)
 .comment       0x0000000000000028       0x29 c:/users/gtsa infinity/desktop/toolchain-gd32v-win/compiler/bin/../lib/gcc/riscv64-unknown-elf/8.3.0/../../../../riscv64-unknown-elf/lib/rv32imac/ilp32\libc.a(lib_a-reent.o)

.riscv.attributes
                0x0000000000000000       0x2b
 .riscv.attributes
                0x0000000000000000       0x2b build/gd32vf103_gpio.o
 .riscv.attributes
                0x000000000000002b       0x2b build/gd32vf103_rcu.o
 .riscv.attributes
                0x0000000000000056       0x2b build/gd32vf103_spi.o
 .riscv.attributes
                0x0000000000000081       0x2b build/gd32vf103_usart.o
 .riscv.attributes
                0x00000000000000ac       0x2b build/system_gd32vf103.o
 .riscv.attributes
                0x00000000000000d7       0x2b build/_exit.o
 .riscv.attributes
                0x0000000000000102       0x2b build/write.o
 .riscv.attributes
                0x000000000000012d       0x2b build/write_hex.o
 .riscv.attributes
                0x0000000000000158       0x2b build/n200_func.o
 .riscv.attributes
                0x0000000000000183       0x2b build/handlers.o
 .riscv.attributes
                0x00000000000001ae       0x2b build/init.o
 .riscv.attributes
                0x00000000000001d9       0x2b build/lcd.o
 .riscv.attributes
                0x0000000000000204       0x2b build/main.o
 .riscv.attributes
                0x000000000000022f       0x29 build/start.o
 .riscv.attributes
                0x0000000000000258       0x29 build/entry.o
 .riscv.attributes
                0x0000000000000281       0x29 build/drivers.o
 .riscv.attributes
                0x00000000000002aa       0x2b c:/users/gtsa infinity/desktop/toolchain-gd32v-win/compiler/bin/../lib/gcc/riscv64-unknown-elf/8.3.0/rv32imac/ilp32\libgcc.a(divdf3.o)
 .riscv.attributes
                0x00000000000002d5       0x2b c:/users/gtsa infinity/desktop/toolchain-gd32v-win/compiler/bin/../lib/gcc/riscv64-unknown-elf/8.3.0/rv32imac/ilp32\libgcc.a(ledf2.o)
 .riscv.attributes
                0x0000000000000300       0x2b c:/users/gtsa infinity/desktop/toolchain-gd32v-win/compiler/bin/../lib/gcc/riscv64-unknown-elf/8.3.0/rv32imac/ilp32\libgcc.a(muldf3.o)
 .riscv.attributes
                0x000000000000032b       0x2b c:/users/gtsa infinity/desktop/toolchain-gd32v-win/compiler/bin/../lib/gcc/riscv64-unknown-elf/8.3.0/rv32imac/ilp32\libgcc.a(floatunsidf.o)
 .riscv.attributes
                0x0000000000000356       0x2b c:/users/gtsa infinity/desktop/toolchain-gd32v-win/compiler/bin/../lib/gcc/riscv64-unknown-elf/8.3.0/rv32imac/ilp32\libgcc.a(floatundidf.o)
 .riscv.attributes
                0x0000000000000381       0x2b c:/users/gtsa infinity/desktop/toolchain-gd32v-win/compiler/bin/../lib/gcc/riscv64-unknown-elf/8.3.0/rv32imac/ilp32\libgcc.a(_lshrdi3.o)
 .riscv.attributes
                0x00000000000003ac       0x2b c:/users/gtsa infinity/desktop/toolchain-gd32v-win/compiler/bin/../lib/gcc/riscv64-unknown-elf/8.3.0/rv32imac/ilp32\libgcc.a(_ashldi3.o)
 .riscv.attributes
                0x00000000000003d7       0x2b c:/users/gtsa infinity/desktop/toolchain-gd32v-win/compiler/bin/../lib/gcc/riscv64-unknown-elf/8.3.0/rv32imac/ilp32\libgcc.a(_clzsi2.o)
 .riscv.attributes
                0x0000000000000402       0x2b c:/users/gtsa infinity/desktop/toolchain-gd32v-win/compiler/bin/../lib/gcc/riscv64-unknown-elf/8.3.0/rv32imac/ilp32\libgcc.a(_clz.o)
 .riscv.attributes
                0x000000000000042d       0x2b c:/users/gtsa infinity/desktop/toolchain-gd32v-win/compiler/bin/../lib/gcc/riscv64-unknown-elf/8.3.0/../../../../riscv64-unknown-elf/lib/rv32imac/ilp32\libc.a(lib_a-atexit.o)
 .riscv.attributes
                0x0000000000000458       0x2b c:/users/gtsa infinity/desktop/toolchain-gd32v-win/compiler/bin/../lib/gcc/riscv64-unknown-elf/8.3.0/../../../../riscv64-unknown-elf/lib/rv32imac/ilp32\libc.a(lib_a-exit.o)
 .riscv.attributes
                0x0000000000000483       0x2b c:/users/gtsa infinity/desktop/toolchain-gd32v-win/compiler/bin/../lib/gcc/riscv64-unknown-elf/8.3.0/../../../../riscv64-unknown-elf/lib/rv32imac/ilp32\libc.a(lib_a-fini.o)
 .riscv.attributes
                0x00000000000004ae       0x2b c:/users/gtsa infinity/desktop/toolchain-gd32v-win/compiler/bin/../lib/gcc/riscv64-unknown-elf/8.3.0/../../../../riscv64-unknown-elf/lib/rv32imac/ilp32\libc.a(lib_a-impure.o)
 .riscv.attributes
                0x00000000000004d9       0x2b c:/users/gtsa infinity/desktop/toolchain-gd32v-win/compiler/bin/../lib/gcc/riscv64-unknown-elf/8.3.0/../../../../riscv64-unknown-elf/lib/rv32imac/ilp32\libc.a(lib_a-init.o)
 .riscv.attributes
                0x0000000000000504       0x2b c:/users/gtsa infinity/desktop/toolchain-gd32v-win/compiler/bin/../lib/gcc/riscv64-unknown-elf/8.3.0/../../../../riscv64-unknown-elf/lib/rv32imac/ilp32\libc.a(lib_a-syswrite.o)
 .riscv.attributes
                0x000000000000052f       0x2b c:/users/gtsa infinity/desktop/toolchain-gd32v-win/compiler/bin/../lib/gcc/riscv64-unknown-elf/8.3.0/../../../../riscv64-unknown-elf/lib/rv32imac/ilp32\libc.a(lib_a-writer.o)
 .riscv.attributes
                0x000000000000055a       0x2b c:/users/gtsa infinity/desktop/toolchain-gd32v-win/compiler/bin/../lib/gcc/riscv64-unknown-elf/8.3.0/../../../../riscv64-unknown-elf/lib/rv32imac/ilp32\libc.a(lib_a-__atexit.o)
 .riscv.attributes
                0x0000000000000585       0x2b c:/users/gtsa infinity/desktop/toolchain-gd32v-win/compiler/bin/../lib/gcc/riscv64-unknown-elf/8.3.0/../../../../riscv64-unknown-elf/lib/rv32imac/ilp32\libc.a(lib_a-__call_atexit.o)
 .riscv.attributes
                0x00000000000005b0       0x2b c:/users/gtsa infinity/desktop/toolchain-gd32v-win/compiler/bin/../lib/gcc/riscv64-unknown-elf/8.3.0/../../../../riscv64-unknown-elf/lib/rv32imac/ilp32\libc.a(lib_a-reent.o)

.debug_frame    0x0000000000000000     0x15b0
 .debug_frame   0x0000000000000000      0x164 build/gd32vf103_gpio.o
 .debug_frame   0x0000000000000164      0x2b4 build/gd32vf103_rcu.o
 .debug_frame   0x0000000000000418      0x270 build/gd32vf103_spi.o
 .debug_frame   0x0000000000000688      0x314 build/gd32vf103_usart.o
 .debug_frame   0x000000000000099c       0x30 build/system_gd32vf103.o
 .debug_frame   0x00000000000009cc       0x2c build/_exit.o
 .debug_frame   0x00000000000009f8       0x8c build/write.o
 .debug_frame   0x0000000000000a84       0x4c build/write_hex.o
 .debug_frame   0x0000000000000ad0      0x26c build/n200_func.o
 .debug_frame   0x0000000000000d3c       0x44 build/handlers.o
 .debug_frame   0x0000000000000d80       0x3c build/init.o
 .debug_frame   0x0000000000000dbc      0x614 build/lcd.o
 .debug_frame   0x00000000000013d0       0x40 build/main.o
 .debug_frame   0x0000000000001410       0x54 c:/users/gtsa infinity/desktop/toolchain-gd32v-win/compiler/bin/../lib/gcc/riscv64-unknown-elf/8.3.0/rv32imac/ilp32\libgcc.a(divdf3.o)
 .debug_frame   0x0000000000001464       0x20 c:/users/gtsa infinity/desktop/toolchain-gd32v-win/compiler/bin/../lib/gcc/riscv64-unknown-elf/8.3.0/rv32imac/ilp32\libgcc.a(ledf2.o)
 .debug_frame   0x0000000000001484       0x54 c:/users/gtsa infinity/desktop/toolchain-gd32v-win/compiler/bin/../lib/gcc/riscv64-unknown-elf/8.3.0/rv32imac/ilp32\libgcc.a(muldf3.o)
 .debug_frame   0x00000000000014d8       0x34 c:/users/gtsa infinity/desktop/toolchain-gd32v-win/compiler/bin/../lib/gcc/riscv64-unknown-elf/8.3.0/rv32imac/ilp32\libgcc.a(floatunsidf.o)
 .debug_frame   0x000000000000150c       0x44 c:/users/gtsa infinity/desktop/toolchain-gd32v-win/compiler/bin/../lib/gcc/riscv64-unknown-elf/8.3.0/rv32imac/ilp32\libgcc.a(floatundidf.o)
 .debug_frame   0x0000000000001550       0x20 c:/users/gtsa infinity/desktop/toolchain-gd32v-win/compiler/bin/../lib/gcc/riscv64-unknown-elf/8.3.0/rv32imac/ilp32\libgcc.a(_lshrdi3.o)
 .debug_frame   0x0000000000001570       0x20 c:/users/gtsa infinity/desktop/toolchain-gd32v-win/compiler/bin/../lib/gcc/riscv64-unknown-elf/8.3.0/rv32imac/ilp32\libgcc.a(_ashldi3.o)
 .debug_frame   0x0000000000001590       0x20 c:/users/gtsa infinity/desktop/toolchain-gd32v-win/compiler/bin/../lib/gcc/riscv64-unknown-elf/8.3.0/rv32imac/ilp32\libgcc.a(_clzsi2.o)

Cross Reference Table

Symbol                                            File
ADC0_1_IRQHandler                                 build/start.o
BACK_COLOR                                        build/lcd.o
CAN0_EWMC_IRQHandler                              build/start.o
CAN0_RX0_IRQHandler                               build/start.o
CAN0_RX1_IRQHandler                               build/start.o
CAN0_TX_IRQHandler                                build/start.o
CAN1_EWMC_IRQHandler                              build/start.o
CAN1_RX0_IRQHandler                               build/start.o
CAN1_RX1_IRQHandler                               build/start.o
CAN1_TX_IRQHandler                                build/start.o
DMA0_Channel0_IRQHandler                          build/start.o
DMA0_Channel1_IRQHandler                          build/start.o
DMA0_Channel2_IRQHandler                          build/start.o
DMA0_Channel3_IRQHandler                          build/start.o
DMA0_Channel4_IRQHandler                          build/start.o
DMA0_Channel5_IRQHandler                          build/start.o
DMA0_Channel6_IRQHandler                          build/start.o
DMA1_Channel0_IRQHandler                          build/start.o
DMA1_Channel1_IRQHandler                          build/start.o
DMA1_Channel2_IRQHandler                          build/start.o
DMA1_Channel3_IRQHandler                          build/start.o
DMA1_Channel4_IRQHandler                          build/start.o
Draw_Circle                                       build/lcd.o
                                                  build/main.o
EXMC_IRQHandler                                   build/start.o
EXTI0_IRQHandler                                  build/start.o
EXTI10_15_IRQHandler                              build/start.o
EXTI1_IRQHandler                                  build/start.o
EXTI2_IRQHandler                                  build/start.o
EXTI3_IRQHandler                                  build/start.o
EXTI4_IRQHandler                                  build/start.o
EXTI5_9_IRQHandler                                build/start.o
FMC_IRQHandler                                    build/start.o
Hzk16                                             build/lcd.o
Hzk32                                             build/lcd.o
I2C0_ER_IRQHandler                                build/start.o
I2C0_EV_IRQHandler                                build/start.o
I2C1_ER_IRQHandler                                build/start.o
I2C1_EV_IRQHandler                                build/start.o
LCD_Address_Set                                   build/lcd.o
LCD_Clear                                         build/lcd.o
                                                  build/main.o
LCD_DrawLine                                      build/lcd.o
                                                  build/main.o
LCD_DrawPoint                                     build/lcd.o
LCD_DrawPoint_big                                 build/lcd.o
LCD_DrawRectangle                                 build/lcd.o
LCD_Fill                                          build/lcd.o
                                                  build/main.o
LCD_ShowChar                                      build/lcd.o
LCD_ShowChinese                                   build/lcd.o
LCD_ShowNum                                       build/lcd.o
LCD_ShowNum1                                      build/lcd.o
LCD_ShowPicture                                   build/lcd.o
LCD_ShowStr                                       build/lcd.o
LCD_ShowString                                    build/lcd.o
LCD_WR_DATA                                       build/lcd.o
LCD_WR_DATA8                                      build/lcd.o
LCD_WR_Queue                                      build/lcd.o
                                                  build/main.o
LCD_WR_REG                                        build/lcd.o
LCD_Wait_On_Queue                                 build/lcd.o
LCD_Writ_Bus                                      build/lcd.o
LCD_Write_Bus                                     build/lcd.o
LVD_IRQHandler                                    build/start.o
Lcd_Init                                          build/lcd.o
                                                  build/main.o
Lcd_SetType                                       build/lcd.o
                                                  build/main.o
RCU_IRQHandler                                    build/start.o
RTC_Alarm_IRQHandler                              build/start.o
RTC_IRQHandler                                    build/start.o
SPI0_IRQHandler                                   build/start.o
SPI1_IRQHandler                                   build/start.o
SPI2_IRQHandler                                   build/start.o
SystemCoreClock                                   build/system_gd32vf103.o
                                                  build/lcd.o
                                                  build/n200_func.o
SystemCoreClockUpdate                             build/system_gd32vf103.o
SystemInit                                        build/system_gd32vf103.o
                                                  build/init.o
TAMPER_IRQHandler                                 build/start.o
TIMER0_BRK_IRQHandler                             build/start.o
TIMER0_Channel_IRQHandler                         build/start.o
TIMER0_TRG_CMT_IRQHandler                         build/start.o
TIMER0_UP_IRQHandler                              build/start.o
TIMER1_IRQHandler                                 build/start.o
TIMER2_IRQHandler                                 build/start.o
TIMER3_IRQHandler                                 build/start.o
TIMER4_IRQHandler                                 build/start.o
TIMER5_IRQHandler                                 build/start.o
TIMER6_IRQHandler                                 build/start.o
UART3_IRQHandler                                  build/start.o
UART4_IRQHandler                                  build/start.o
USART0_IRQHandler                                 build/start.o
USART1_IRQHandler                                 build/start.o
USART2_IRQHandler                                 build/start.o
USBFS_IRQHandler                                  build/start.o
USBFS_WKUP_IRQHandler                             build/start.o
WWDGT_IRQHandler                                  build/start.o
__ashldi3                                         c:/users/gtsa infinity/desktop/toolchain-gd32v-win/compiler/bin/../lib/gcc/riscv64-unknown-elf/8.3.0/rv32imac/ilp32\libgcc.a(_ashldi3.o)
                                                  c:/users/gtsa infinity/desktop/toolchain-gd32v-win/compiler/bin/../lib/gcc/riscv64-unknown-elf/8.3.0/rv32imac/ilp32\libgcc.a(floatundidf.o)
__bss_start                                       build/start.o
__call_exitprocs                                  c:/users/gtsa infinity/desktop/toolchain-gd32v-win/compiler/bin/../lib/gcc/riscv64-unknown-elf/8.3.0/../../../../riscv64-unknown-elf/lib/rv32imac/ilp32\libc.a(lib_a-__call_atexit.o)
                                                  c:/users/gtsa infinity/desktop/toolchain-gd32v-win/compiler/bin/../lib/gcc/riscv64-unknown-elf/8.3.0/../../../../riscv64-unknown-elf/lib/rv32imac/ilp32\libc.a(lib_a-exit.o)
__clz_tab                                         c:/users/gtsa infinity/desktop/toolchain-gd32v-win/compiler/bin/../lib/gcc/riscv64-unknown-elf/8.3.0/rv32imac/ilp32\libgcc.a(_clz.o)
                                                  c:/users/gtsa infinity/desktop/toolchain-gd32v-win/compiler/bin/../lib/gcc/riscv64-unknown-elf/8.3.0/rv32imac/ilp32\libgcc.a(_clzsi2.o)
__clzsi2                                          c:/users/gtsa infinity/desktop/toolchain-gd32v-win/compiler/bin/../lib/gcc/riscv64-unknown-elf/8.3.0/rv32imac/ilp32\libgcc.a(_clzsi2.o)
                                                  c:/users/gtsa infinity/desktop/toolchain-gd32v-win/compiler/bin/../lib/gcc/riscv64-unknown-elf/8.3.0/rv32imac/ilp32\libgcc.a(mulsf3.o)
                                                  c:/users/gtsa infinity/desktop/toolchain-gd32v-win/compiler/bin/../lib/gcc/riscv64-unknown-elf/8.3.0/rv32imac/ilp32\libgcc.a(floatundidf.o)
                                                  c:/users/gtsa infinity/desktop/toolchain-gd32v-win/compiler/bin/../lib/gcc/riscv64-unknown-elf/8.3.0/rv32imac/ilp32\libgcc.a(floatunsidf.o)
                                                  c:/users/gtsa infinity/desktop/toolchain-gd32v-win/compiler/bin/../lib/gcc/riscv64-unknown-elf/8.3.0/rv32imac/ilp32\libgcc.a(muldf3.o)
                                                  c:/users/gtsa infinity/desktop/toolchain-gd32v-win/compiler/bin/../lib/gcc/riscv64-unknown-elf/8.3.0/rv32imac/ilp32\libgcc.a(divdf3.o)
__divdf3                                          c:/users/gtsa infinity/desktop/toolchain-gd32v-win/compiler/bin/../lib/gcc/riscv64-unknown-elf/8.3.0/rv32imac/ilp32\libgcc.a(divdf3.o)
                                                  build/lcd.o
__fini_array_end                                  c:/users/gtsa infinity/desktop/toolchain-gd32v-win/compiler/bin/../lib/gcc/riscv64-unknown-elf/8.3.0/../../../../riscv64-unknown-elf/lib/rv32imac/ilp32\libc.a(lib_a-fini.o)
__fini_array_start                                c:/users/gtsa infinity/desktop/toolchain-gd32v-win/compiler/bin/../lib/gcc/riscv64-unknown-elf/8.3.0/../../../../riscv64-unknown-elf/lib/rv32imac/ilp32\libc.a(lib_a-fini.o)
__fixunssfsi                                      c:/users/gtsa infinity/desktop/toolchain-gd32v-win/compiler/bin/../lib/gcc/riscv64-unknown-elf/8.3.0/rv32imac/ilp32\libgcc.a(fixunssfsi.o)
                                                  build/lcd.o
__floatundidf                                     c:/users/gtsa infinity/desktop/toolchain-gd32v-win/compiler/bin/../lib/gcc/riscv64-unknown-elf/8.3.0/rv32imac/ilp32\libgcc.a(floatundidf.o)
                                                  build/lcd.o
__floatunsidf                                     c:/users/gtsa infinity/desktop/toolchain-gd32v-win/compiler/bin/../lib/gcc/riscv64-unknown-elf/8.3.0/rv32imac/ilp32\libgcc.a(floatunsidf.o)
                                                  build/lcd.o
__global_pointer$                                 build/start.o
__init_array_end                                  c:/users/gtsa infinity/desktop/toolchain-gd32v-win/compiler/bin/../lib/gcc/riscv64-unknown-elf/8.3.0/../../../../riscv64-unknown-elf/lib/rv32imac/ilp32\libc.a(lib_a-init.o)
__init_array_start                                c:/users/gtsa infinity/desktop/toolchain-gd32v-win/compiler/bin/../lib/gcc/riscv64-unknown-elf/8.3.0/../../../../riscv64-unknown-elf/lib/rv32imac/ilp32\libc.a(lib_a-init.o)
__ledf2                                           c:/users/gtsa infinity/desktop/toolchain-gd32v-win/compiler/bin/../lib/gcc/riscv64-unknown-elf/8.3.0/rv32imac/ilp32\libgcc.a(ledf2.o)
__libc_fini                                       c:/users/gtsa infinity/desktop/toolchain-gd32v-win/compiler/bin/../lib/gcc/riscv64-unknown-elf/8.3.0/../../../../riscv64-unknown-elf/lib/rv32imac/ilp32\libc.a(lib_a-__call_atexit.o)
__libc_fini_array                                 c:/users/gtsa infinity/desktop/toolchain-gd32v-win/compiler/bin/../lib/gcc/riscv64-unknown-elf/8.3.0/../../../../riscv64-unknown-elf/lib/rv32imac/ilp32\libc.a(lib_a-fini.o)
                                                  c:/users/gtsa infinity/desktop/toolchain-gd32v-win/compiler/bin/../lib/gcc/riscv64-unknown-elf/8.3.0/../../../../riscv64-unknown-elf/lib/rv32imac/ilp32\libc.a(lib_a-__call_atexit.o)
                                                  build/start.o
__libc_init_array                                 c:/users/gtsa infinity/desktop/toolchain-gd32v-win/compiler/bin/../lib/gcc/riscv64-unknown-elf/8.3.0/../../../../riscv64-unknown-elf/lib/rv32imac/ilp32\libc.a(lib_a-init.o)
                                                  build/start.o
__lshrdi3                                         c:/users/gtsa infinity/desktop/toolchain-gd32v-win/compiler/bin/../lib/gcc/riscv64-unknown-elf/8.3.0/rv32imac/ilp32\libgcc.a(_lshrdi3.o)
                                                  c:/users/gtsa infinity/desktop/toolchain-gd32v-win/compiler/bin/../lib/gcc/riscv64-unknown-elf/8.3.0/rv32imac/ilp32\libgcc.a(floatundidf.o)
__ltdf2                                           c:/users/gtsa infinity/desktop/toolchain-gd32v-win/compiler/bin/../lib/gcc/riscv64-unknown-elf/8.3.0/rv32imac/ilp32\libgcc.a(ledf2.o)
                                                  build/lcd.o
__malloc_av_                                      c:/users/gtsa infinity/desktop/toolchain-gd32v-win/compiler/bin/../lib/gcc/riscv64-unknown-elf/8.3.0/../../../../riscv64-unknown-elf/lib/rv32imac/ilp32\libc.a(lib_a-mallocr.o)
                                                  c:/users/gtsa infinity/desktop/toolchain-gd32v-win/compiler/bin/../lib/gcc/riscv64-unknown-elf/8.3.0/../../../../riscv64-unknown-elf/lib/rv32imac/ilp32\libc.a(lib_a-freer.o)
__malloc_current_mallinfo                         c:/users/gtsa infinity/desktop/toolchain-gd32v-win/compiler/bin/../lib/gcc/riscv64-unknown-elf/8.3.0/../../../../riscv64-unknown-elf/lib/rv32imac/ilp32\libc.a(lib_a-mallocr.o)
                                                  c:/users/gtsa infinity/desktop/toolchain-gd32v-win/compiler/bin/../lib/gcc/riscv64-unknown-elf/8.3.0/../../../../riscv64-unknown-elf/lib/rv32imac/ilp32\libc.a(lib_a-freer.o)
__malloc_lock                                     c:/users/gtsa infinity/desktop/toolchain-gd32v-win/compiler/bin/../lib/gcc/riscv64-unknown-elf/8.3.0/../../../../riscv64-unknown-elf/lib/rv32imac/ilp32\libc.a(lib_a-mlock.o)
                                                  c:/users/gtsa infinity/desktop/toolchain-gd32v-win/compiler/bin/../lib/gcc/riscv64-unknown-elf/8.3.0/../../../../riscv64-unknown-elf/lib/rv32imac/ilp32\libc.a(lib_a-mallocr.o)
                                                  c:/users/gtsa infinity/desktop/toolchain-gd32v-win/compiler/bin/../lib/gcc/riscv64-unknown-elf/8.3.0/../../../../riscv64-unknown-elf/lib/rv32imac/ilp32\libc.a(lib_a-freer.o)
__malloc_max_sbrked_mem                           c:/users/gtsa infinity/desktop/toolchain-gd32v-win/compiler/bin/../lib/gcc/riscv64-unknown-elf/8.3.0/../../../../riscv64-unknown-elf/lib/rv32imac/ilp32\libc.a(lib_a-mallocr.o)
__malloc_max_total_mem                            c:/users/gtsa infinity/desktop/toolchain-gd32v-win/compiler/bin/../lib/gcc/riscv64-unknown-elf/8.3.0/../../../../riscv64-unknown-elf/lib/rv32imac/ilp32\libc.a(lib_a-mallocr.o)
__malloc_sbrk_base                                c:/users/gtsa infinity/desktop/toolchain-gd32v-win/compiler/bin/../lib/gcc/riscv64-unknown-elf/8.3.0/../../../../riscv64-unknown-elf/lib/rv32imac/ilp32\libc.a(lib_a-mallocr.o)
                                                  c:/users/gtsa infinity/desktop/toolchain-gd32v-win/compiler/bin/../lib/gcc/riscv64-unknown-elf/8.3.0/../../../../riscv64-unknown-elf/lib/rv32imac/ilp32\libc.a(lib_a-freer.o)
__malloc_top_pad                                  c:/users/gtsa infinity/desktop/toolchain-gd32v-win/compiler/bin/../lib/gcc/riscv64-unknown-elf/8.3.0/../../../../riscv64-unknown-elf/lib/rv32imac/ilp32\libc.a(lib_a-mallocr.o)
                                                  c:/users/gtsa infinity/desktop/toolchain-gd32v-win/compiler/bin/../lib/gcc/riscv64-unknown-elf/8.3.0/../../../../riscv64-unknown-elf/lib/rv32imac/ilp32\libc.a(lib_a-freer.o)
__malloc_trim_threshold                           c:/users/gtsa infinity/desktop/toolchain-gd32v-win/compiler/bin/../lib/gcc/riscv64-unknown-elf/8.3.0/../../../../riscv64-unknown-elf/lib/rv32imac/ilp32\libc.a(lib_a-mallocr.o)
                                                  c:/users/gtsa infinity/desktop/toolchain-gd32v-win/compiler/bin/../lib/gcc/riscv64-unknown-elf/8.3.0/../../../../riscv64-unknown-elf/lib/rv32imac/ilp32\libc.a(lib_a-freer.o)
__malloc_unlock                                   c:/users/gtsa infinity/desktop/toolchain-gd32v-win/compiler/bin/../lib/gcc/riscv64-unknown-elf/8.3.0/../../../../riscv64-unknown-elf/lib/rv32imac/ilp32\libc.a(lib_a-mlock.o)
                                                  c:/users/gtsa infinity/desktop/toolchain-gd32v-win/compiler/bin/../lib/gcc/riscv64-unknown-elf/8.3.0/../../../../riscv64-unknown-elf/lib/rv32imac/ilp32\libc.a(lib_a-mallocr.o)
                                                  c:/users/gtsa infinity/desktop/toolchain-gd32v-win/compiler/bin/../lib/gcc/riscv64-unknown-elf/8.3.0/../../../../riscv64-unknown-elf/lib/rv32imac/ilp32\libc.a(lib_a-freer.o)
__muldf3                                          c:/users/gtsa infinity/desktop/toolchain-gd32v-win/compiler/bin/../lib/gcc/riscv64-unknown-elf/8.3.0/rv32imac/ilp32\libgcc.a(muldf3.o)
                                                  build/lcd.o
__mulsf3                                          c:/users/gtsa infinity/desktop/toolchain-gd32v-win/compiler/bin/../lib/gcc/riscv64-unknown-elf/8.3.0/rv32imac/ilp32\libgcc.a(mulsf3.o)
                                                  build/lcd.o
__preinit_array_end                               c:/users/gtsa infinity/desktop/toolchain-gd32v-win/compiler/bin/../lib/gcc/riscv64-unknown-elf/8.3.0/../../../../riscv64-unknown-elf/lib/rv32imac/ilp32\libc.a(lib_a-init.o)
__preinit_array_start                             c:/users/gtsa infinity/desktop/toolchain-gd32v-win/compiler/bin/../lib/gcc/riscv64-unknown-elf/8.3.0/../../../../riscv64-unknown-elf/lib/rv32imac/ilp32\libc.a(lib_a-init.o)
__register_exitproc                               c:/users/gtsa infinity/desktop/toolchain-gd32v-win/compiler/bin/../lib/gcc/riscv64-unknown-elf/8.3.0/../../../../riscv64-unknown-elf/lib/rv32imac/ilp32\libc.a(lib_a-__atexit.o)
                                                  c:/users/gtsa infinity/desktop/toolchain-gd32v-win/compiler/bin/../lib/gcc/riscv64-unknown-elf/8.3.0/../../../../riscv64-unknown-elf/lib/rv32imac/ilp32\libc.a(lib_a-atexit.o)
_close                                            build/close.o
_data                                             build/start.o
_data_lma                                         build/start.o
_edata                                            build/start.o
_end                                              build/start.o
                                                  build/sbrk.o
_exit                                             build/_exit.o
                                                  c:/users/gtsa infinity/desktop/toolchain-gd32v-win/compiler/bin/../lib/gcc/riscv64-unknown-elf/8.3.0/../../../../riscv64-unknown-elf/lib/rv32imac/ilp32\libc.a(lib_a-exit.o)
                                                  build/handlers.o
_fini                                             build/init.o
_free_r                                           c:/users/gtsa infinity/desktop/toolchain-gd32v-win/compiler/bin/../lib/gcc/riscv64-unknown-elf/8.3.0/../../../../riscv64-unknown-elf/lib/rv32imac/ilp32\libc.a(lib_a-freer.o)
                                                  c:/users/gtsa infinity/desktop/toolchain-gd32v-win/compiler/bin/../lib/gcc/riscv64-unknown-elf/8.3.0/../../../../riscv64-unknown-elf/lib/rv32imac/ilp32\libc.a(lib_a-mallocr.o)
                                                  c:/users/gtsa infinity/desktop/toolchain-gd32v-win/compiler/bin/../lib/gcc/riscv64-unknown-elf/8.3.0/../../../../riscv64-unknown-elf/lib/rv32imac/ilp32\libc.a(lib_a-reent.o)
_fstat                                            build/fstat.o
_global_impure_ptr                                c:/users/gtsa infinity/desktop/toolchain-gd32v-win/compiler/bin/../lib/gcc/riscv64-unknown-elf/8.3.0/../../../../riscv64-unknown-elf/lib/rv32imac/ilp32\libc.a(lib_a-impure.o)
                                                  c:/users/gtsa infinity/desktop/toolchain-gd32v-win/compiler/bin/../lib/gcc/riscv64-unknown-elf/8.3.0/../../../../riscv64-unknown-elf/lib/rv32imac/ilp32\libc.a(lib_a-__call_atexit.o)
                                                  c:/users/gtsa infinity/desktop/toolchain-gd32v-win/compiler/bin/../lib/gcc/riscv64-unknown-elf/8.3.0/../../../../riscv64-unknown-elf/lib/rv32imac/ilp32\libc.a(lib_a-__atexit.o)
                                                  c:/users/gtsa infinity/desktop/toolchain-gd32v-win/compiler/bin/../lib/gcc/riscv64-unknown-elf/8.3.0/../../../../riscv64-unknown-elf/lib/rv32imac/ilp32\libc.a(lib_a-exit.o)
_heap_end                                         build/sbrk.o
_impure_ptr                                       c:/users/gtsa infinity/desktop/toolchain-gd32v-win/compiler/bin/../lib/gcc/riscv64-unknown-elf/8.3.0/../../../../riscv64-unknown-elf/lib/rv32imac/ilp32\libc.a(lib_a-impure.o)
                                                  c:/users/gtsa infinity/desktop/toolchain-gd32v-win/compiler/bin/../lib/gcc/riscv64-unknown-elf/8.3.0/../../../../riscv64-unknown-elf/lib/rv32imac/ilp32\libc.a(lib_a-reent.o)
                                                  c:/users/gtsa infinity/desktop/toolchain-gd32v-win/compiler/bin/../lib/gcc/riscv64-unknown-elf/8.3.0/../../../../riscv64-unknown-elf/lib/rv32imac/ilp32\libc.a(lib_a-syswrite.o)
_init                                             build/init.o
                                                  build/start.o
_isatty                                           build/isatty.o
                                                  c:/users/gtsa infinity/desktop/toolchain-gd32v-win/compiler/bin/../lib/gcc/riscv64-unknown-elf/8.3.0/../../../../riscv64-unknown-elf/lib/rv32imac/ilp32\libc.a(lib_a-sysisatty.o)
_lseek                                            build/lseek.o
_malloc_r                                         c:/users/gtsa infinity/desktop/toolchain-gd32v-win/compiler/bin/../lib/gcc/riscv64-unknown-elf/8.3.0/../../../../riscv64-unknown-elf/lib/rv32imac/ilp32\libc.a(lib_a-mallocr.o)
_malloc_trim_r                                    c:/users/gtsa infinity/desktop/toolchain-gd32v-win/compiler/bin/../lib/gcc/riscv64-unknown-elf/8.3.0/../../../../riscv64-unknown-elf/lib/rv32imac/ilp32\libc.a(lib_a-freer.o)
_put_char                                         build/write.o
_read                                             build/read.o
_reclaim_reent                                    c:/users/gtsa infinity/desktop/toolchain-gd32v-win/compiler/bin/../lib/gcc/riscv64-unknown-elf/8.3.0/../../../../riscv64-unknown-elf/lib/rv32imac/ilp32\libc.a(lib_a-reent.o)
_sbrk                                             build/sbrk.o
                                                  c:/users/gtsa infinity/desktop/toolchain-gd32v-win/compiler/bin/../lib/gcc/riscv64-unknown-elf/8.3.0/../../../../riscv64-unknown-elf/lib/rv32imac/ilp32\libc.a(lib_a-sbrkr.o)
_sbrk_r                                           c:/users/gtsa infinity/desktop/toolchain-gd32v-win/compiler/bin/../lib/gcc/riscv64-unknown-elf/8.3.0/../../../../riscv64-unknown-elf/lib/rv32imac/ilp32\libc.a(lib_a-sbrkr.o)
                                                  c:/users/gtsa infinity/desktop/toolchain-gd32v-win/compiler/bin/../lib/gcc/riscv64-unknown-elf/8.3.0/../../../../riscv64-unknown-elf/lib/rv32imac/ilp32\libc.a(lib_a-mallocr.o)
                                                  c:/users/gtsa infinity/desktop/toolchain-gd32v-win/compiler/bin/../lib/gcc/riscv64-unknown-elf/8.3.0/../../../../riscv64-unknown-elf/lib/rv32imac/ilp32\libc.a(lib_a-freer.o)
_sp                                               build/start.o
_start                                            build/start.o
_write                                            build/write.o
                                                  c:/users/gtsa infinity/desktop/toolchain-gd32v-win/compiler/bin/../lib/gcc/riscv64-unknown-elf/8.3.0/../../../../riscv64-unknown-elf/lib/rv32imac/ilp32\libc.a(lib_a-writer.o)
_write_r                                          c:/users/gtsa infinity/desktop/toolchain-gd32v-win/compiler/bin/../lib/gcc/riscv64-unknown-elf/8.3.0/../../../../riscv64-unknown-elf/lib/rv32imac/ilp32\libc.a(lib_a-writer.o)
                                                  c:/users/gtsa infinity/desktop/toolchain-gd32v-win/compiler/bin/../lib/gcc/riscv64-unknown-elf/8.3.0/../../../../riscv64-unknown-elf/lib/rv32imac/ilp32\libc.a(lib_a-syswrite.o)
adc_calibration_enable                            build/gd32vf103_adc.o
adc_channel_length_config                         build/gd32vf103_adc.o
adc_data_alignment_config                         build/gd32vf103_adc.o
adc_deinit                                        build/gd32vf103_adc.o
adc_disable                                       build/gd32vf103_adc.o
adc_discontinuous_mode_config                     build/gd32vf103_adc.o
adc_dma_mode_disable                              build/gd32vf103_adc.o
adc_dma_mode_enable                               build/gd32vf103_adc.o
adc_enable                                        build/gd32vf103_adc.o
adc_external_trigger_config                       build/gd32vf103_adc.o
adc_external_trigger_source_config                build/gd32vf103_adc.o
adc_flag_clear                                    build/gd32vf103_adc.o
adc_flag_get                                      build/gd32vf103_adc.o
adc_inserted_channel_config                       build/gd32vf103_adc.o
adc_inserted_channel_offset_config                build/gd32vf103_adc.o
adc_inserted_data_read                            build/gd32vf103_adc.o
adc_inserted_software_startconv_flag_get          build/gd32vf103_adc.o
adc_interrupt_disable                             build/gd32vf103_adc.o
adc_interrupt_enable                              build/gd32vf103_adc.o
adc_interrupt_flag_clear                          build/gd32vf103_adc.o
adc_interrupt_flag_get                            build/gd32vf103_adc.o
adc_mode_config                                   build/gd32vf103_adc.o
adc_oversample_mode_config                        build/gd32vf103_adc.o
adc_oversample_mode_disable                       build/gd32vf103_adc.o
adc_oversample_mode_enable                        build/gd32vf103_adc.o
adc_regular_channel_config                        build/gd32vf103_adc.o
adc_regular_data_read                             build/gd32vf103_adc.o
adc_regular_software_startconv_flag_get           build/gd32vf103_adc.o
adc_resolution_config                             build/gd32vf103_adc.o
adc_software_trigger_enable                       build/gd32vf103_adc.o
adc_special_function_config                       build/gd32vf103_adc.o
adc_sync_mode_convert_value_read                  build/gd32vf103_adc.o
adc_tempsensor_vrefint_disable                    build/gd32vf103_adc.o
adc_tempsensor_vrefint_enable                     build/gd32vf103_adc.o
adc_watchdog_disable                              build/gd32vf103_adc.o
adc_watchdog_group_channel_enable                 build/gd32vf103_adc.o
adc_watchdog_single_channel_enable                build/gd32vf103_adc.o
adc_watchdog_threshold_config                     build/gd32vf103_adc.o
asc2_1608                                         build/lcd.o
atexit                                            c:/users/gtsa infinity/desktop/toolchain-gd32v-win/compiler/bin/../lib/gcc/riscv64-unknown-elf/8.3.0/../../../../riscv64-unknown-elf/lib/rv32imac/ilp32\libc.a(lib_a-atexit.o)
                                                  c:/users/gtsa infinity/desktop/toolchain-gd32v-win/compiler/bin/../lib/gcc/riscv64-unknown-elf/8.3.0/../../../../riscv64-unknown-elf/lib/rv32imac/ilp32\libc.a(lib_a-__call_atexit.o)
                                                  build/start.o
bkp_data_read                                     build/gd32vf103_bkp.o
bkp_data_write                                    build/gd32vf103_bkp.o
bkp_deinit                                        build/gd32vf103_bkp.o
bkp_flag_clear                                    build/gd32vf103_bkp.o
bkp_flag_get                                      build/gd32vf103_bkp.o
bkp_interrupt_disable                             build/gd32vf103_bkp.o
bkp_interrupt_enable                              build/gd32vf103_bkp.o
bkp_interrupt_flag_clear                          build/gd32vf103_bkp.o
bkp_interrupt_flag_get                            build/gd32vf103_bkp.o
bkp_rtc_calibration_output_disable                build/gd32vf103_bkp.o
bkp_rtc_calibration_output_enable                 build/gd32vf103_bkp.o
bkp_rtc_calibration_value_set                     build/gd32vf103_bkp.o
bkp_rtc_output_select                             build/gd32vf103_bkp.o
bkp_rtc_signal_output_disable                     build/gd32vf103_bkp.o
bkp_rtc_signal_output_enable                      build/gd32vf103_bkp.o
bkp_tamper_active_level_set                       build/gd32vf103_bkp.o
bkp_tamper_detection_disable                      build/gd32vf103_bkp.o
bkp_tamper_detection_enable                       build/gd32vf103_bkp.o
can1_filter_start_bank                            build/gd32vf103_can.o
can_debug_freeze_disable                          build/gd32vf103_can.o
can_debug_freeze_enable                           build/gd32vf103_can.o
can_deinit                                        build/gd32vf103_can.o
can_error_get                                     build/gd32vf103_can.o
can_fifo_release                                  build/gd32vf103_can.o
can_filter_init                                   build/gd32vf103_can.o
can_flag_clear                                    build/gd32vf103_can.o
can_flag_get                                      build/gd32vf103_can.o
can_init                                          build/gd32vf103_can.o
can_interrupt_disable                             build/gd32vf103_can.o
can_interrupt_enable                              build/gd32vf103_can.o
can_interrupt_flag_clear                          build/gd32vf103_can.o
can_interrupt_flag_get                            build/gd32vf103_can.o
can_message_receive                               build/gd32vf103_can.o
can_message_transmit                              build/gd32vf103_can.o
can_receive_error_number_get                      build/gd32vf103_can.o
can_receive_message_length_get                    build/gd32vf103_can.o
can_struct_para_init                              build/gd32vf103_can.o
can_time_trigger_mode_disable                     build/gd32vf103_can.o
can_time_trigger_mode_enable                      build/gd32vf103_can.o
can_transmission_stop                             build/gd32vf103_can.o
can_transmit_error_number_get                     build/gd32vf103_can.o
can_transmit_states                               build/gd32vf103_can.o
can_wakeup                                        build/gd32vf103_can.o
can_working_mode_set                              build/gd32vf103_can.o
cleanup_glue                                      c:/users/gtsa infinity/desktop/toolchain-gd32v-win/compiler/bin/../lib/gcc/riscv64-unknown-elf/8.3.0/../../../../riscv64-unknown-elf/lib/rv32imac/ilp32\libc.a(lib_a-reent.o)
colinit                                           build/drivers.o
                                                  build/main.o
colset                                            build/drivers.o
                                                  build/main.o
crc_block_data_calculate                          build/gd32vf103_crc.o
crc_data_register_read                            build/gd32vf103_crc.o
crc_data_register_reset                           build/gd32vf103_crc.o
crc_deinit                                        build/gd32vf103_crc.o
crc_free_data_register_read                       build/gd32vf103_crc.o
crc_free_data_register_write                      build/gd32vf103_crc.o
crc_single_data_calculate                         build/gd32vf103_crc.o
dac_concurrent_data_set                           build/gd32vf103_dac.o
dac_concurrent_disable                            build/gd32vf103_dac.o
dac_concurrent_enable                             build/gd32vf103_dac.o
dac_concurrent_output_buffer_disable              build/gd32vf103_dac.o
dac_concurrent_output_buffer_enable               build/gd32vf103_dac.o
dac_concurrent_software_trigger_disable           build/gd32vf103_dac.o
dac_concurrent_software_trigger_enable            build/gd32vf103_dac.o
dac_data_set                                      build/gd32vf103_dac.o
dac_deinit                                        build/gd32vf103_dac.o
dac_disable                                       build/gd32vf103_dac.o
dac_dma_disable                                   build/gd32vf103_dac.o
dac_dma_enable                                    build/gd32vf103_dac.o
dac_enable                                        build/gd32vf103_dac.o
dac_lfsr_noise_config                             build/gd32vf103_dac.o
dac_output_buffer_disable                         build/gd32vf103_dac.o
dac_output_buffer_enable                          build/gd32vf103_dac.o
dac_output_value_get                              build/gd32vf103_dac.o
dac_software_trigger_disable                      build/gd32vf103_dac.o
dac_software_trigger_enable                       build/gd32vf103_dac.o
dac_triangle_noise_config                         build/gd32vf103_dac.o
dac_trigger_disable                               build/gd32vf103_dac.o
dac_trigger_enable                                build/gd32vf103_dac.o
dac_trigger_source_config                         build/gd32vf103_dac.o
dac_wave_bit_width_config                         build/gd32vf103_dac.o
dac_wave_mode_config                              build/gd32vf103_dac.o
dbg_id_get                                        build/gd32vf103_dbg.o
dbg_low_power_disable                             build/gd32vf103_dbg.o
dbg_low_power_enable                              build/gd32vf103_dbg.o
dbg_periph_disable                                build/gd32vf103_dbg.o
                                                  build/gd32vf103_can.o
dbg_periph_enable                                 build/gd32vf103_dbg.o
                                                  build/gd32vf103_can.o
disable_mcycle_minstret                           build/start.o
                                                  build/init.o
dma_channel_disable                               build/gd32vf103_dma.o
dma_channel_enable                                build/gd32vf103_dma.o
dma_circulation_disable                           build/gd32vf103_dma.o
dma_circulation_enable                            build/gd32vf103_dma.o
dma_deinit                                        build/gd32vf103_dma.o
dma_flag_clear                                    build/gd32vf103_dma.o
dma_flag_get                                      build/gd32vf103_dma.o
dma_init                                          build/gd32vf103_dma.o
dma_interrupt_disable                             build/gd32vf103_dma.o
dma_interrupt_enable                              build/gd32vf103_dma.o
dma_interrupt_flag_clear                          build/gd32vf103_dma.o
dma_interrupt_flag_get                            build/gd32vf103_dma.o
dma_memory_address_config                         build/gd32vf103_dma.o
dma_memory_increase_disable                       build/gd32vf103_dma.o
dma_memory_increase_enable                        build/gd32vf103_dma.o
dma_memory_to_memory_disable                      build/gd32vf103_dma.o
dma_memory_to_memory_enable                       build/gd32vf103_dma.o
dma_memory_width_config                           build/gd32vf103_dma.o
dma_periph_address_config                         build/gd32vf103_dma.o
dma_periph_increase_disable                       build/gd32vf103_dma.o
dma_periph_increase_enable                        build/gd32vf103_dma.o
dma_periph_width_config                           build/gd32vf103_dma.o
dma_priority_config                               build/gd32vf103_dma.o
dma_struct_para_init                              build/gd32vf103_dma.o
dma_transfer_direction_config                     build/gd32vf103_dma.o
dma_transfer_number_config                        build/gd32vf103_dma.o
dma_transfer_number_get                           build/gd32vf103_dma.o
drawing                                           build/main.o
eclic_bwei_handler                                build/start.o
eclic_clear_pending                               build/n200_func.o
eclic_disable_interrupt                           build/n200_func.o
                                                  build/gd32vf103_eclic.o
eclic_enable_interrupt                            build/n200_func.o
                                                  build/gd32vf103_eclic.o
eclic_get_cliccfg                                 build/n200_func.o
eclic_get_intattr                                 build/n200_func.o
eclic_get_intctrl                                 build/n200_func.o
eclic_get_irq_lvl                                 build/n200_func.o
eclic_get_irq_lvl_abs                             build/n200_func.o
eclic_get_irq_priority                            build/n200_func.o
eclic_get_mth                                     build/n200_func.o
eclic_get_nlbits                                  build/n200_func.o
eclic_global_interrupt_disable                    build/gd32vf103_eclic.o
eclic_global_interrupt_enable                     build/gd32vf103_eclic.o
eclic_init                                        build/n200_func.o
                                                  build/init.o
eclic_irq_disable                                 build/gd32vf103_eclic.o
eclic_irq_enable                                  build/gd32vf103_eclic.o
eclic_mode_enable                                 build/n200_func.o
                                                  build/init.o
eclic_msip_handler                                build/start.o
eclic_mtip_handler                                build/start.o
eclic_pmovi_handler                               build/start.o
eclic_priority_group_set                          build/gd32vf103_eclic.o
eclic_send_event                                  build/gd32vf103_eclic.o
eclic_set_cliccfg                                 build/n200_func.o
eclic_set_intattr                                 build/n200_func.o
eclic_set_intctrl                                 build/n200_func.o
eclic_set_irq_lvl                                 build/n200_func.o
eclic_set_irq_lvl_abs                             build/n200_func.o
                                                  build/gd32vf103_eclic.o
eclic_set_irq_priority                            build/n200_func.o
                                                  build/gd32vf103_eclic.o
eclic_set_level_trig                              build/n200_func.o
eclic_set_mth                                     build/n200_func.o
eclic_set_negedge_trig                            build/n200_func.o
eclic_set_nlbits                                  build/n200_func.o
                                                  build/gd32vf103_eclic.o
eclic_set_nonvmode                                build/n200_func.o
eclic_set_pending                                 build/n200_func.o
eclic_set_posedge_trig                            build/n200_func.o
eclic_set_vmode                                   build/n200_func.o
eclic_system_reset                                build/gd32vf103_eclic.o
enable_mcycle_minstret                            build/start.o
errno                                             c:/users/gtsa infinity/desktop/toolchain-gd32v-win/compiler/bin/../lib/gcc/riscv64-unknown-elf/8.3.0/../../../../riscv64-unknown-elf/lib/rv32imac/ilp32\libc.a(lib_a-reent.o)
                                                  c:/users/gtsa infinity/desktop/toolchain-gd32v-win/compiler/bin/../lib/gcc/riscv64-unknown-elf/8.3.0/../../../../riscv64-unknown-elf/lib/rv32imac/ilp32\libc.a(lib_a-sbrkr.o)
                                                  c:/users/gtsa infinity/desktop/toolchain-gd32v-win/compiler/bin/../lib/gcc/riscv64-unknown-elf/8.3.0/../../../../riscv64-unknown-elf/lib/rv32imac/ilp32\libc.a(lib_a-writer.o)
exit                                              c:/users/gtsa infinity/desktop/toolchain-gd32v-win/compiler/bin/../lib/gcc/riscv64-unknown-elf/8.3.0/../../../../riscv64-unknown-elf/lib/rv32imac/ilp32\libc.a(lib_a-exit.o)
                                                  build/start.o
exmc_norsram_deinit                               build/gd32vf103_exmc.o
exmc_norsram_disable                              build/gd32vf103_exmc.o
exmc_norsram_enable                               build/gd32vf103_exmc.o
exmc_norsram_init                                 build/gd32vf103_exmc.o
exmc_norsram_struct_para_init                     build/gd32vf103_exmc.o
exti_deinit                                       build/gd32vf103_exti.o